MPLINK 4.1, Linker
Linker Map File - Created Sun Jan 14 13:21:31 2018

                                 Section Info
                  Section       Type    Address   Location Size(Bytes)
                ---------  ---------  ---------  ---------  ---------
               _entry_scn       code   0x000000    program   0x000006
                lo_vector       code   0x000018    program   0x000006
                   .cinit    romdata   0x00002a    program   0x00000e
             .code_main.o       code   0x000038    program   0x00194e
 .code_disp_JHD162A_drv.o       code   0x001986    program   0x0008f6
             .stringtable    romdata   0x00227c    program   0x000286
         .code_MIDI_drv.o       code   0x002502    program   0x0001ec
                     PROG       code   0x0026ee    program   0x0000a6
               _cinit_scn       code   0x002794    program   0x00009e
.code_eeprom_low_level_driver.o       code   0x002832    program   0x00005a
         .code_fxd1616u.o       code   0x00288c    program   0x00002c
             _startup_scn       code   0x0028b8    program   0x00001c
           .code___init.o       code   0x0028d4    program   0x000002
          .idata_main.o_i    romdata   0x0028d6    program   0x000003
    .config_300000_main.o    romdata   0x300000    program   0x000001
    .config_300001_main.o    romdata   0x300001    program   0x000001
    .config_300002_main.o    romdata   0x300002    program   0x000001
    .config_300003_main.o    romdata   0x300003    program   0x000001
    .config_300005_main.o    romdata   0x300005    program   0x000001
    .config_300006_main.o    romdata   0x300006    program   0x000001
    .config_300008_main.o    romdata   0x300008    program   0x000001
    .config_300009_main.o    romdata   0x300009    program   0x000001
    .config_30000a_main.o    romdata   0x30000a    program   0x000001
    .config_30000b_main.o    romdata   0x30000b    program   0x000001
    .config_30000c_main.o    romdata   0x30000c    program   0x000001
    .config_30000d_main.o    romdata   0x30000d    program   0x000001
                MATH_DATA      udata   0x000000       data   0x000014
                 .tmpdata      udata   0x000014       data   0x000006
        TMR_Interrupt_tmp      udata   0x00001a       data   0x000003
            .udata_main.o      udata   0x000060       data   0x000040
.udata_disp_JHD162A_drv.o      udata   0x0000a0       data   0x000021
           .udata_c018i.o      udata   0x0000c1       data   0x00000a
        .udata_MIDI_drv.o      udata   0x0000cb       data   0x000004
            .idata_main.o      idata   0x0000cf       data   0x000003
           buffer_section      udata   0x000100       data   0x0005ff
                   .stack      udata   0x000700       data   0x000100
            SFR_UNBANKED0      udata   0x000f62       data   0x00009e



                              Program Memory Usage 
                               Start         End      
                           ---------   ---------      
                            0x000000    0x000005      
                            0x000018    0x00001d      
                            0x00002a    0x0028d8      
                            0x300000    0x300003      
                            0x300005    0x300006      
                            0x300008    0x30000d      
            10439 out of 33048 program addresses used, program memory utilization is 31%



                              Symbols - Sorted by Name
                     Name    Address   Location    Storage File                     
                ---------  ---------  ---------  --------- ---------                
           BackupToEeprom   0x001430    program     extern D:\Users\hbe_000\Projects\PIC\PIC18F4550\MIDI_mapper\main.c
  CheckProgramChangeWheel   0x000c68    program     extern D:\Users\hbe_000\Projects\PIC\PIC18F4550\MIDI_mapper\main.c
                      Clr   0x001b9e    program     extern D:\Users\hbe_000\Projects\PIC\PIC18F4550\MIDI_mapper\disp_JHD162A_drv.c
                   D1616S   0x002710    program     static C:\MCC18\SRC\TRADIT~1\MATH\fxd1616s.asm
                D1616SNEG   0x00271e    program     static C:\MCC18\SRC\TRADIT~1\MATH\fxd1616s.asm
                 D1616SOK   0x00271a    program     static C:\MCC18\SRC\TRADIT~1\MATH\fxd1616s.asm
                  D1616SX   0x002730    program     static C:\MCC18\SRC\TRADIT~1\MATH\fxd1616s.asm
                  DA1616S   0x002700    program     static C:\MCC18\SRC\TRADIT~1\MATH\fxd1616s.asm
                 FXD1616S   0x0026ee    program     extern C:\MCC18\SRC\TRADIT~1\MATH\fxd1616s.asm
                 FXD1616U   0x00288c    program     extern C:\MCC18\src\TRADIT~1\math\fxd1616u.c
                 FXM1616S   0x00273a    program     extern C:\MCC18\SRC\TRADIT~1\MATH\fxm1616s.asm
                MIDI_Init   0x002502    program     extern D:\Users\hbe_000\Projects\PIC\PIC18F4550\MIDI_mapper\MIDI_drv.c
              MIDI_KeyOff   0x002648    program     extern D:\Users\hbe_000\Projects\PIC\PIC18F4550\MIDI_mapper\MIDI_drv.c
               MIDI_KeyOn   0x002612    program     extern D:\Users\hbe_000\Projects\PIC\PIC18F4550\MIDI_mapper\MIDI_drv.c
           MIDI_Reset_All   0x002532    program     extern D:\Users\hbe_000\Projects\PIC\PIC18F4550\MIDI_mapper\MIDI_drv.c
                MIDI_Send   0x00267e    program     extern D:\Users\hbe_000\Projects\PIC\PIC18F4550\MIDI_mapper\MIDI_drv.c
         MIDI_SendOneByte   0x0026b6    program     extern D:\Users\hbe_000\Projects\PIC\PIC18F4550\MIDI_mapper\MIDI_drv.c
                 PrintHex   0x001b22    program     extern D:\Users\hbe_000\Projects\PIC\PIC18F4550\MIDI_mapper\disp_JHD162A_drv.c
               PrintLine1   0x001986    program     extern D:\Users\hbe_000\Projects\PIC\PIC18F4550\MIDI_mapper\disp_JHD162A_drv.c
            PrintLine1Ram   0x0019fa    program     extern D:\Users\hbe_000\Projects\PIC\PIC18F4550\MIDI_mapper\disp_JHD162A_drv.c
               PrintLine2   0x0019c0    program     extern D:\Users\hbe_000\Projects\PIC\PIC18F4550\MIDI_mapper\disp_JHD162A_drv.c
            PrintLine2Ram   0x001a46    program     extern D:\Users\hbe_000\Projects\PIC\PIC18F4550\MIDI_mapper\disp_JHD162A_drv.c
             PrintNumeric   0x001a92    program     extern D:\Users\hbe_000\Projects\PIC\PIC18F4550\MIDI_mapper\disp_JHD162A_drv.c
              ProgramDown   0x000da4    program     extern D:\Users\hbe_000\Projects\PIC\PIC18F4550\MIDI_mapper\main.c
                ProgramUp   0x000ce8    program     extern D:\Users\hbe_000\Projects\PIC\PIC18F4550\MIDI_mapper\main.c
               SetProgram   0x000e60    program     extern D:\Users\hbe_000\Projects\PIC\PIC18F4550\MIDI_mapper\main.c
            TMR_Interrupt   0x000038    program     extern D:\Users\hbe_000\Projects\PIC\PIC18F4550\MIDI_mapper\main.c
               TSIGN1616A   0x002786    program     static C:\MCC18\SRC\TRADIT~1\MATH\fxm1616s.asm
       ___return_lbl00000   0x00001c    program     static                          
       ___return_lbl00000   0x000004    program     static                          
       ___return_lbl00000   0x0028b6    program     static                          
       ___return_lbl00001   0x0028d2    program     static                          
       ___return_lbl00002   0x002830    program     static                          
               __config_0   0x300000    program     static D:\Users\hbe_000\Projects\PIC\PIC18F4550\MIDI_mapper\main.c
               __config_1   0x300001    program     static D:\Users\hbe_000\Projects\PIC\PIC18F4550\MIDI_mapper\main.c
              __config_10   0x30000c    program     static D:\Users\hbe_000\Projects\PIC\PIC18F4550\MIDI_mapper\main.c
              __config_11   0x30000d    program     static D:\Users\hbe_000\Projects\PIC\PIC18F4550\MIDI_mapper\main.c
               __config_2   0x300002    program     static D:\Users\hbe_000\Projects\PIC\PIC18F4550\MIDI_mapper\main.c
               __config_3   0x300003    program     static D:\Users\hbe_000\Projects\PIC\PIC18F4550\MIDI_mapper\main.c
               __config_4   0x300005    program     static D:\Users\hbe_000\Projects\PIC\PIC18F4550\MIDI_mapper\main.c
               __config_5   0x300006    program     static D:\Users\hbe_000\Projects\PIC\PIC18F4550\MIDI_mapper\main.c
               __config_6   0x300008    program     static D:\Users\hbe_000\Projects\PIC\PIC18F4550\MIDI_mapper\main.c
               __config_7   0x300009    program     static D:\Users\hbe_000\Projects\PIC\PIC18F4550\MIDI_mapper\main.c
               __config_8   0x30000a    program     static D:\Users\hbe_000\Projects\PIC\PIC18F4550\MIDI_mapper\main.c
               __config_9   0x30000b    program     static D:\Users\hbe_000\Projects\PIC\PIC18F4550\MIDI_mapper\main.c
                   __init   0x0028d4    program     extern C:\MCC18\src\TRADIT~1\stdclib\__init.c
               __string_0   0x0024f1    program     static D:\Users\hbe_000\Projects\PIC\PIC18F4550\MIDI_mapper\main.c
               __string_1   0x0024e0    program     static D:\Users\hbe_000\Projects\PIC\PIC18F4550\MIDI_mapper\main.c
              __string_10   0x002447    program     static D:\Users\hbe_000\Projects\PIC\PIC18F4550\MIDI_mapper\main.c
              __string_11   0x002436    program     static D:\Users\hbe_000\Projects\PIC\PIC18F4550\MIDI_mapper\main.c
              __string_12   0x002425    program     static D:\Users\hbe_000\Projects\PIC\PIC18F4550\MIDI_mapper\main.c
              __string_13   0x002414    program     static D:\Users\hbe_000\Projects\PIC\PIC18F4550\MIDI_mapper\main.c
              __string_14   0x002403    program     static D:\Users\hbe_000\Projects\PIC\PIC18F4550\MIDI_mapper\main.c
              __string_15   0x0023f2    program     static D:\Users\hbe_000\Projects\PIC\PIC18F4550\MIDI_mapper\main.c
              __string_18   0x0023e1    program     static D:\Users\hbe_000\Projects\PIC\PIC18F4550\MIDI_mapper\main.c
              __string_19   0x0023d0    program     static D:\Users\hbe_000\Projects\PIC\PIC18F4550\MIDI_mapper\main.c
               __string_2   0x0024cf    program     static D:\Users\hbe_000\Projects\PIC\PIC18F4550\MIDI_mapper\main.c
              __string_20   0x0023bf    program     static D:\Users\hbe_000\Projects\PIC\PIC18F4550\MIDI_mapper\main.c
              __string_21   0x0023ae    program     static D:\Users\hbe_000\Projects\PIC\PIC18F4550\MIDI_mapper\main.c
              __string_22   0x00239d    program     static D:\Users\hbe_000\Projects\PIC\PIC18F4550\MIDI_mapper\main.c
              __string_23   0x00238c    program     static D:\Users\hbe_000\Projects\PIC\PIC18F4550\MIDI_mapper\main.c
              __string_24   0x00237b    program     static D:\Users\hbe_000\Projects\PIC\PIC18F4550\MIDI_mapper\main.c
              __string_25   0x00236a    program     static D:\Users\hbe_000\Projects\PIC\PIC18F4550\MIDI_mapper\main.c
              __string_26   0x002359    program     static D:\Users\hbe_000\Projects\PIC\PIC18F4550\MIDI_mapper\main.c
              __string_27   0x002348    program     static D:\Users\hbe_000\Projects\PIC\PIC18F4550\MIDI_mapper\main.c
              __string_28   0x002337    program     static D:\Users\hbe_000\Projects\PIC\PIC18F4550\MIDI_mapper\main.c
              __string_29   0x002326    program     static D:\Users\hbe_000\Projects\PIC\PIC18F4550\MIDI_mapper\main.c
               __string_3   0x0024be    program     static D:\Users\hbe_000\Projects\PIC\PIC18F4550\MIDI_mapper\main.c
              __string_30   0x002315    program     static D:\Users\hbe_000\Projects\PIC\PIC18F4550\MIDI_mapper\main.c
              __string_31   0x002304    program     static D:\Users\hbe_000\Projects\PIC\PIC18F4550\MIDI_mapper\main.c
              __string_32   0x0022f3    program     static D:\Users\hbe_000\Projects\PIC\PIC18F4550\MIDI_mapper\main.c
              __string_33   0x0022e2    program     static D:\Users\hbe_000\Projects\PIC\PIC18F4550\MIDI_mapper\main.c
              __string_34   0x0022d1    program     static D:\Users\hbe_000\Projects\PIC\PIC18F4550\MIDI_mapper\main.c
              __string_35   0x0022c0    program     static D:\Users\hbe_000\Projects\PIC\PIC18F4550\MIDI_mapper\main.c
              __string_36   0x0022af    program     static D:\Users\hbe_000\Projects\PIC\PIC18F4550\MIDI_mapper\main.c
              __string_37   0x00229e    program     static D:\Users\hbe_000\Projects\PIC\PIC18F4550\MIDI_mapper\main.c
              __string_38   0x00228d    program     static D:\Users\hbe_000\Projects\PIC\PIC18F4550\MIDI_mapper\main.c
              __string_39   0x00227c    program     static D:\Users\hbe_000\Projects\PIC\PIC18F4550\MIDI_mapper\main.c
               __string_4   0x0024ad    program     static D:\Users\hbe_000\Projects\PIC\PIC18F4550\MIDI_mapper\main.c
               __string_5   0x00249c    program     static D:\Users\hbe_000\Projects\PIC\PIC18F4550\MIDI_mapper\main.c
               __string_6   0x00248b    program     static D:\Users\hbe_000\Projects\PIC\PIC18F4550\MIDI_mapper\main.c
               __string_7   0x00247a    program     static D:\Users\hbe_000\Projects\PIC\PIC18F4550\MIDI_mapper\main.c
               __string_8   0x002469    program     static D:\Users\hbe_000\Projects\PIC\PIC18F4550\MIDI_mapper\main.c
               __string_9   0x002458    program     static D:\Users\hbe_000\Projects\PIC\PIC18F4550\MIDI_mapper\main.c
                _do_cinit   0x002794    program     extern C:\MCC18\src\traditional\startup\c018i.c
                   _entry   0x000000    program     extern C:\MCC18\src\traditional\startup\c018i.c
                 _startup   0x0028b8    program     extern C:\MCC18\src\traditional\startup\c018i.c
       check_subprocessor   0x0002b0    program     extern D:\Users\hbe_000\Projects\PIC\PIC18F4550\MIDI_mapper\main.c
                copy_loop   0x002806    program     static                          
            copy_one_byte   0x00280c    program     static                          
                    delay   0x0006fa    program     extern D:\Users\hbe_000\Projects\PIC\PIC18F4550\MIDI_mapper\main.c
              delay_10_ms   0x002076    program     extern D:\Users\hbe_000\Projects\PIC\PIC18F4550\MIDI_mapper\disp_JHD162A_drv.c
              delay_64_us   0x002072    program     extern D:\Users\hbe_000\Projects\PIC\PIC18F4550\MIDI_mapper\disp_JHD162A_drv.c
             displaySynth   0x000fe0    program     extern D:\Users\hbe_000\Projects\PIC\PIC18F4550\MIDI_mapper\main.c
                     done   0x002830    program     static                          
             done_copying   0x00281a    program     static                          
         eeprom_read_byte   0x00286c    program     extern D:\Users\hbe_000\Projects\PIC\PIC18F4550\MIDI_mapper\eeprom_low_level_driver.c
        eeprom_write_byte   0x002832    program     extern D:\Users\hbe_000\Projects\PIC\PIC18F4550\MIDI_mapper\eeprom_low_level_driver.c
                  endloop   0x0028b2    program     static                          
   interrupt_at_lo_vector   0x000018    program     extern D:\Users\hbe_000\Projects\PIC\PIC18F4550\MIDI_mapper\main.c
                killNotes   0x000eb6    program     extern D:\Users\hbe_000\Projects\PIC\PIC18F4550\MIDI_mapper\main.c
            lcd_checkbusy   0x0020c2    program     extern D:\Users\hbe_000\Projects\PIC\PIC18F4550\MIDI_mapper\disp_JHD162A_drv.c
                 lcd_init   0x0021da    program     extern D:\Users\hbe_000\Projects\PIC\PIC18F4550\MIDI_mapper\disp_JHD162A_drv.c
                lcd_wrcmd   0x0020fa    program     extern D:\Users\hbe_000\Projects\PIC\PIC18F4550\MIDI_mapper\disp_JHD162A_drv.c
                lcd_wrdta   0x00216a    program     extern D:\Users\hbe_000\Projects\PIC\PIC18F4550\MIDI_mapper\disp_JHD162A_drv.c
                     loop   0x002896    program     static                          
                     loop   0x0028c8    program     static                          
                     main   0x0007b6    program     extern D:\Users\hbe_000\Projects\PIC\PIC18F4550\MIDI_mapper\main.c
                     menu   0x000958    program     extern D:\Users\hbe_000\Projects\PIC\PIC18F4550\MIDI_mapper\main.c
                  my_atoi   0x001c1c    program     extern D:\Users\hbe_000\Projects\PIC\PIC18F4550\MIDI_mapper\disp_JHD162A_drv.c
                  my_atox   0x001e20    program     extern D:\Users\hbe_000\Projects\PIC\PIC18F4550\MIDI_mapper\disp_JHD162A_drv.c
                my_strcpy   0x001ea6    program     extern D:\Users\hbe_000\Projects\PIC\PIC18F4550\MIDI_mapper\disp_JHD162A_drv.c
                      nop   0x0006da    program     extern D:\Users\hbe_000\Projects\PIC\PIC18F4550\MIDI_mapper\main.c
                    pause   0x002020    program     extern D:\Users\hbe_000\Projects\PIC\PIC18F4550\MIDI_mapper\disp_JHD162A_drv.c
                    power   0x001bb0    program     extern D:\Users\hbe_000\Projects\PIC\PIC18F4550\MIDI_mapper\disp_JHD162A_drv.c
           print_line_ram   0x001f28    program     extern D:\Users\hbe_000\Projects\PIC\PIC18F4550\MIDI_mapper\disp_JHD162A_drv.c
           print_line_rom   0x001f98    program     extern D:\Users\hbe_000\Projects\PIC\PIC18F4550\MIDI_mapper\disp_JHD162A_drv.c
               readEeProm   0x001278    program     extern D:\Users\hbe_000\Projects\PIC\PIC18F4550\MIDI_mapper\main.c
                 soft_nop   0x0020a2    program     extern D:\Users\hbe_000\Projects\PIC\PIC18F4550\MIDI_mapper\disp_JHD162A_drv.c
                     test   0x0027ae    program     static                          
                  welcome   0x0015ca    program     extern D:\Users\hbe_000\Projects\PIC\PIC18F4550\MIDI_mapper\main.c
                   ADCON0   0x000fc2       data     extern C:\MCC18\SRC\TRADIT~1\PROC\p18f4550.asm
               ADCON0bits   0x000fc2       data     extern C:\MCC18\SRC\TRADIT~1\PROC\p18f4550.asm
                   ADCON1   0x000fc1       data     extern C:\MCC18\SRC\TRADIT~1\PROC\p18f4550.asm
               ADCON1bits   0x000fc1       data     extern C:\MCC18\SRC\TRADIT~1\PROC\p18f4550.asm
                   ADCON2   0x000fc0       data     extern C:\MCC18\SRC\TRADIT~1\PROC\p18f4550.asm
               ADCON2bits   0x000fc0       data     extern C:\MCC18\SRC\TRADIT~1\PROC\p18f4550.asm
                    ADRES   0x000fc3       data     extern C:\MCC18\SRC\TRADIT~1\PROC\p18f4550.asm
                   ADRESH   0x000fc4       data     extern C:\MCC18\SRC\TRADIT~1\PROC\p18f4550.asm
                   ADRESL   0x000fc3       data     extern C:\MCC18\SRC\TRADIT~1\PROC\p18f4550.asm
                  BAUDCON   0x000fb8       data     extern C:\MCC18\SRC\TRADIT~1\PROC\p18f4550.asm
              BAUDCONbits   0x000fb8       data     extern C:\MCC18\SRC\TRADIT~1\PROC\p18f4550.asm
                      BSR   0x000fe0       data     extern C:\MCC18\SRC\TRADIT~1\PROC\p18f4550.asm
                   CCP1AS   0x000fb6       data     extern C:\MCC18\SRC\TRADIT~1\PROC\p18f4550.asm
               CCP1ASbits   0x000fb6       data     extern C:\MCC18\SRC\TRADIT~1\PROC\p18f4550.asm
                  CCP1CON   0x000fbd       data     extern C:\MCC18\SRC\TRADIT~1\PROC\p18f4550.asm
              CCP1CONbits   0x000fbd       data     extern C:\MCC18\SRC\TRADIT~1\PROC\p18f4550.asm
                  CCP1DEL   0x000fb7       data     extern C:\MCC18\SRC\TRADIT~1\PROC\p18f4550.asm
              CCP1DELbits   0x000fb7       data     extern C:\MCC18\SRC\TRADIT~1\PROC\p18f4550.asm
                  CCP2CON   0x000fba       data     extern C:\MCC18\SRC\TRADIT~1\PROC\p18f4550.asm
              CCP2CONbits   0x000fba       data     extern C:\MCC18\SRC\TRADIT~1\PROC\p18f4550.asm
                    CCPR1   0x000fbe       data     extern C:\MCC18\SRC\TRADIT~1\PROC\p18f4550.asm
                   CCPR1H   0x000fbf       data     extern C:\MCC18\SRC\TRADIT~1\PROC\p18f4550.asm
                   CCPR1L   0x000fbe       data     extern C:\MCC18\SRC\TRADIT~1\PROC\p18f4550.asm
                    CCPR2   0x000fbb       data     extern C:\MCC18\SRC\TRADIT~1\PROC\p18f4550.asm
                   CCPR2H   0x000fbc       data     extern C:\MCC18\SRC\TRADIT~1\PROC\p18f4550.asm
                   CCPR2L   0x000fbb       data     extern C:\MCC18\SRC\TRADIT~1\PROC\p18f4550.asm
                    CMCON   0x000fb4       data     extern C:\MCC18\SRC\TRADIT~1\PROC\p18f4550.asm
                CMCONbits   0x000fb4       data     extern C:\MCC18\SRC\TRADIT~1\PROC\p18f4550.asm
                   CVRCON   0x000fb5       data     extern C:\MCC18\SRC\TRADIT~1\PROC\p18f4550.asm
               CVRCONbits   0x000fb5       data     extern C:\MCC18\SRC\TRADIT~1\PROC\p18f4550.asm
                     DDRA   0x000f92       data     extern C:\MCC18\SRC\TRADIT~1\PROC\p18f4550.asm
                 DDRAbits   0x000f92       data     extern C:\MCC18\SRC\TRADIT~1\PROC\p18f4550.asm
                     DDRB   0x000f93       data     extern C:\MCC18\SRC\TRADIT~1\PROC\p18f4550.asm
                 DDRBbits   0x000f93       data     extern C:\MCC18\SRC\TRADIT~1\PROC\p18f4550.asm
                     DDRC   0x000f94       data     extern C:\MCC18\SRC\TRADIT~1\PROC\p18f4550.asm
                 DDRCbits   0x000f94       data     extern C:\MCC18\SRC\TRADIT~1\PROC\p18f4550.asm
                     DDRD   0x000f95       data     extern C:\MCC18\SRC\TRADIT~1\PROC\p18f4550.asm
                 DDRDbits   0x000f95       data     extern C:\MCC18\SRC\TRADIT~1\PROC\p18f4550.asm
                     DDRE   0x000f96       data     extern C:\MCC18\SRC\TRADIT~1\PROC\p18f4550.asm
                 DDREbits   0x000f96       data     extern C:\MCC18\SRC\TRADIT~1\PROC\p18f4550.asm
                  ECCP1AS   0x000fb6       data     extern C:\MCC18\SRC\TRADIT~1\PROC\p18f4550.asm
              ECCP1ASbits   0x000fb6       data     extern C:\MCC18\SRC\TRADIT~1\PROC\p18f4550.asm
                 ECCP1CON   0x000fbd       data     extern C:\MCC18\SRC\TRADIT~1\PROC\p18f4550.asm
             ECCP1CONbits   0x000fbd       data     extern C:\MCC18\SRC\TRADIT~1\PROC\p18f4550.asm
                 ECCP1DEL   0x000fb7       data     extern C:\MCC18\SRC\TRADIT~1\PROC\p18f4550.asm
             ECCP1DELbits   0x000fb7       data     extern C:\MCC18\SRC\TRADIT~1\PROC\p18f4550.asm
                    EEADR   0x000fa9       data     extern C:\MCC18\SRC\TRADIT~1\PROC\p18f4550.asm
                   EECON1   0x000fa6       data     extern C:\MCC18\SRC\TRADIT~1\PROC\p18f4550.asm
               EECON1bits   0x000fa6       data     extern C:\MCC18\SRC\TRADIT~1\PROC\p18f4550.asm
                   EECON2   0x000fa7       data     extern C:\MCC18\SRC\TRADIT~1\PROC\p18f4550.asm
                   EEDATA   0x000fa8       data     extern C:\MCC18\SRC\TRADIT~1\PROC\p18f4550.asm
                     FSR0   0x000fe9       data     extern C:\MCC18\SRC\TRADIT~1\PROC\p18f4550.asm
                    FSR0H   0x000fea       data     extern C:\MCC18\SRC\TRADIT~1\PROC\p18f4550.asm
                    FSR0L   0x000fe9       data     extern C:\MCC18\SRC\TRADIT~1\PROC\p18f4550.asm
                     FSR1   0x000fe1       data     extern C:\MCC18\SRC\TRADIT~1\PROC\p18f4550.asm
                    FSR1H   0x000fe2       data     extern C:\MCC18\SRC\TRADIT~1\PROC\p18f4550.asm
                    FSR1L   0x000fe1       data     extern C:\MCC18\SRC\TRADIT~1\PROC\p18f4550.asm
                     FSR2   0x000fd9       data     extern C:\MCC18\SRC\TRADIT~1\PROC\p18f4550.asm
                    FSR2H   0x000fda       data     extern C:\MCC18\SRC\TRADIT~1\PROC\p18f4550.asm
                    FSR2L   0x000fd9       data     extern C:\MCC18\SRC\TRADIT~1\PROC\p18f4550.asm
                  HLVDCON   0x000fd2       data     extern C:\MCC18\SRC\TRADIT~1\PROC\p18f4550.asm
              HLVDCONbits   0x000fd2       data     extern C:\MCC18\SRC\TRADIT~1\PROC\p18f4550.asm
                    INDF0   0x000fef       data     extern C:\MCC18\SRC\TRADIT~1\PROC\p18f4550.asm
                    INDF1   0x000fe7       data     extern C:\MCC18\SRC\TRADIT~1\PROC\p18f4550.asm
                    INDF2   0x000fdf       data     extern C:\MCC18\SRC\TRADIT~1\PROC\p18f4550.asm
                   INTCON   0x000ff2       data     extern C:\MCC18\SRC\TRADIT~1\PROC\p18f4550.asm
                  INTCON2   0x000ff1       data     extern C:\MCC18\SRC\TRADIT~1\PROC\p18f4550.asm
              INTCON2bits   0x000ff1       data     extern C:\MCC18\SRC\TRADIT~1\PROC\p18f4550.asm
                  INTCON3   0x000ff0       data     extern C:\MCC18\SRC\TRADIT~1\PROC\p18f4550.asm
              INTCON3bits   0x000ff0       data     extern C:\MCC18\SRC\TRADIT~1\PROC\p18f4550.asm
               INTCONbits   0x000ff2       data     extern C:\MCC18\SRC\TRADIT~1\PROC\p18f4550.asm
                     IPR1   0x000f9f       data     extern C:\MCC18\SRC\TRADIT~1\PROC\p18f4550.asm
                 IPR1bits   0x000f9f       data     extern C:\MCC18\SRC\TRADIT~1\PROC\p18f4550.asm
                     IPR2   0x000fa2       data     extern C:\MCC18\SRC\TRADIT~1\PROC\p18f4550.asm
                 IPR2bits   0x000fa2       data     extern C:\MCC18\SRC\TRADIT~1\PROC\p18f4550.asm
                     LATA   0x000f89       data     extern C:\MCC18\SRC\TRADIT~1\PROC\p18f4550.asm
                 LATAbits   0x000f89       data     extern C:\MCC18\SRC\TRADIT~1\PROC\p18f4550.asm
                     LATB   0x000f8a       data     extern C:\MCC18\SRC\TRADIT~1\PROC\p18f4550.asm
                 LATBbits   0x000f8a       data     extern C:\MCC18\SRC\TRADIT~1\PROC\p18f4550.asm
                     LATC   0x000f8b       data     extern C:\MCC18\SRC\TRADIT~1\PROC\p18f4550.asm
                 LATCbits   0x000f8b       data     extern C:\MCC18\SRC\TRADIT~1\PROC\p18f4550.asm
                     LATD   0x000f8c       data     extern C:\MCC18\SRC\TRADIT~1\PROC\p18f4550.asm
                 LATDbits   0x000f8c       data     extern C:\MCC18\SRC\TRADIT~1\PROC\p18f4550.asm
                     LATE   0x000f8d       data     extern C:\MCC18\SRC\TRADIT~1\PROC\p18f4550.asm
                 LATEbits   0x000f8d       data     extern C:\MCC18\SRC\TRADIT~1\PROC\p18f4550.asm
                   LVDCON   0x000fd2       data     extern C:\MCC18\SRC\TRADIT~1\PROC\p18f4550.asm
               LVDCONbits   0x000fd2       data     extern C:\MCC18\SRC\TRADIT~1\PROC\p18f4550.asm
                   OSCCON   0x000fd3       data     extern C:\MCC18\SRC\TRADIT~1\PROC\p18f4550.asm
               OSCCONbits   0x000fd3       data     extern C:\MCC18\SRC\TRADIT~1\PROC\p18f4550.asm
                  OSCTUNE   0x000f9b       data     extern C:\MCC18\SRC\TRADIT~1\PROC\p18f4550.asm
              OSCTUNEbits   0x000f9b       data     extern C:\MCC18\SRC\TRADIT~1\PROC\p18f4550.asm
                       PC   0x000ff9       data     extern C:\MCC18\SRC\TRADIT~1\PROC\p18f4550.asm
                      PCL   0x000ff9       data     extern C:\MCC18\SRC\TRADIT~1\PROC\p18f4550.asm
                   PCLATH   0x000ffa       data     extern C:\MCC18\SRC\TRADIT~1\PROC\p18f4550.asm
                   PCLATU   0x000ffb       data     extern C:\MCC18\SRC\TRADIT~1\PROC\p18f4550.asm
                     PIE1   0x000f9d       data     extern C:\MCC18\SRC\TRADIT~1\PROC\p18f4550.asm
                 PIE1bits   0x000f9d       data     extern C:\MCC18\SRC\TRADIT~1\PROC\p18f4550.asm
                     PIE2   0x000fa0       data     extern C:\MCC18\SRC\TRADIT~1\PROC\p18f4550.asm
                 PIE2bits   0x000fa0       data     extern C:\MCC18\SRC\TRADIT~1\PROC\p18f4550.asm
                     PIR1   0x000f9e       data     extern C:\MCC18\SRC\TRADIT~1\PROC\p18f4550.asm
                 PIR1bits   0x000f9e       data     extern C:\MCC18\SRC\TRADIT~1\PROC\p18f4550.asm
                     PIR2   0x000fa1       data     extern C:\MCC18\SRC\TRADIT~1\PROC\p18f4550.asm
                 PIR2bits   0x000fa1       data     extern C:\MCC18\SRC\TRADIT~1\PROC\p18f4550.asm
                   PLUSW0   0x000feb       data     extern C:\MCC18\SRC\TRADIT~1\PROC\p18f4550.asm
                   PLUSW1   0x000fe3       data     extern C:\MCC18\SRC\TRADIT~1\PROC\p18f4550.asm
                   PLUSW2   0x000fdb       data     extern C:\MCC18\SRC\TRADIT~1\PROC\p18f4550.asm
                    PORTA   0x000f80       data     extern C:\MCC18\SRC\TRADIT~1\PROC\p18f4550.asm
                PORTAbits   0x000f80       data     extern C:\MCC18\SRC\TRADIT~1\PROC\p18f4550.asm
                    PORTB   0x000f81       data     extern C:\MCC18\SRC\TRADIT~1\PROC\p18f4550.asm
                PORTBbits   0x000f81       data     extern C:\MCC18\SRC\TRADIT~1\PROC\p18f4550.asm
                    PORTC   0x000f82       data     extern C:\MCC18\SRC\TRADIT~1\PROC\p18f4550.asm
                PORTCbits   0x000f82       data     extern C:\MCC18\SRC\TRADIT~1\PROC\p18f4550.asm
                    PORTD   0x000f83       data     extern C:\MCC18\SRC\TRADIT~1\PROC\p18f4550.asm
                PORTDbits   0x000f83       data     extern C:\MCC18\SRC\TRADIT~1\PROC\p18f4550.asm
                    PORTE   0x000f84       data     extern C:\MCC18\SRC\TRADIT~1\PROC\p18f4550.asm
                PORTEbits   0x000f84       data     extern C:\MCC18\SRC\TRADIT~1\PROC\p18f4550.asm
                 POSTDEC0   0x000fed       data     extern C:\MCC18\SRC\TRADIT~1\PROC\p18f4550.asm
                 POSTDEC1   0x000fe5       data     extern C:\MCC18\SRC\TRADIT~1\PROC\p18f4550.asm
                 POSTDEC2   0x000fdd       data     extern C:\MCC18\SRC\TRADIT~1\PROC\p18f4550.asm
                 POSTINC0   0x000fee       data     extern C:\MCC18\SRC\TRADIT~1\PROC\p18f4550.asm
                 POSTINC1   0x000fe6       data     extern C:\MCC18\SRC\TRADIT~1\PROC\p18f4550.asm
                 POSTINC2   0x000fde       data     extern C:\MCC18\SRC\TRADIT~1\PROC\p18f4550.asm
                      PR2   0x000fcb       data     extern C:\MCC18\SRC\TRADIT~1\PROC\p18f4550.asm
                  PREINC0   0x000fec       data     extern C:\MCC18\SRC\TRADIT~1\PROC\p18f4550.asm
                  PREINC1   0x000fe4       data     extern C:\MCC18\SRC\TRADIT~1\PROC\p18f4550.asm
                  PREINC2   0x000fdc       data     extern C:\MCC18\SRC\TRADIT~1\PROC\p18f4550.asm
                     PROD   0x000ff3       data     extern C:\MCC18\SRC\TRADIT~1\PROC\p18f4550.asm
                    PRODH   0x000ff4       data     extern C:\MCC18\SRC\TRADIT~1\PROC\p18f4550.asm
                    PRODL   0x000ff3       data     extern C:\MCC18\SRC\TRADIT~1\PROC\p18f4550.asm
                     RCON   0x000fd0       data     extern C:\MCC18\SRC\TRADIT~1\PROC\p18f4550.asm
                 RCONbits   0x000fd0       data     extern C:\MCC18\SRC\TRADIT~1\PROC\p18f4550.asm
                    RCREG   0x000fae       data     extern C:\MCC18\SRC\TRADIT~1\PROC\p18f4550.asm
                    RCSTA   0x000fab       data     extern C:\MCC18\SRC\TRADIT~1\PROC\p18f4550.asm
                RCSTAbits   0x000fab       data     extern C:\MCC18\SRC\TRADIT~1\PROC\p18f4550.asm
                     SIGN   0x000000       data     extern C:\MCC18\SRC\TRADIT~1\MATH\cmath18.asm
                    SPBRG   0x000faf       data     extern C:\MCC18\SRC\TRADIT~1\PROC\p18f4550.asm
                   SPBRGH   0x000fb0       data     extern C:\MCC18\SRC\TRADIT~1\PROC\p18f4550.asm
                   SPPCFG   0x000f63       data     extern C:\MCC18\SRC\TRADIT~1\PROC\p18f4550.asm
               SPPCFGbits   0x000f63       data     extern C:\MCC18\SRC\TRADIT~1\PROC\p18f4550.asm
                   SPPCON   0x000f65       data     extern C:\MCC18\SRC\TRADIT~1\PROC\p18f4550.asm
               SPPCONbits   0x000f65       data     extern C:\MCC18\SRC\TRADIT~1\PROC\p18f4550.asm
                  SPPDATA   0x000f62       data     extern C:\MCC18\SRC\TRADIT~1\PROC\p18f4550.asm
                   SPPEPS   0x000f64       data     extern C:\MCC18\SRC\TRADIT~1\PROC\p18f4550.asm
               SPPEPSbits   0x000f64       data     extern C:\MCC18\SRC\TRADIT~1\PROC\p18f4550.asm
                   SSPADD   0x000fc8       data     extern C:\MCC18\SRC\TRADIT~1\PROC\p18f4550.asm
                   SSPBUF   0x000fc9       data     extern C:\MCC18\SRC\TRADIT~1\PROC\p18f4550.asm
                  SSPCON1   0x000fc6       data     extern C:\MCC18\SRC\TRADIT~1\PROC\p18f4550.asm
              SSPCON1bits   0x000fc6       data     extern C:\MCC18\SRC\TRADIT~1\PROC\p18f4550.asm
                  SSPCON2   0x000fc5       data     extern C:\MCC18\SRC\TRADIT~1\PROC\p18f4550.asm
              SSPCON2bits   0x000fc5       data     extern C:\MCC18\SRC\TRADIT~1\PROC\p18f4550.asm
                  SSPSTAT   0x000fc7       data     extern C:\MCC18\SRC\TRADIT~1\PROC\p18f4550.asm
              SSPSTATbits   0x000fc7       data     extern C:\MCC18\SRC\TRADIT~1\PROC\p18f4550.asm
                   STATUS   0x000fd8       data     extern C:\MCC18\SRC\TRADIT~1\PROC\p18f4550.asm
               STATUSbits   0x000fd8       data     extern C:\MCC18\SRC\TRADIT~1\PROC\p18f4550.asm
                   STKPTR   0x000ffc       data     extern C:\MCC18\SRC\TRADIT~1\PROC\p18f4550.asm
               STKPTRbits   0x000ffc       data     extern C:\MCC18\SRC\TRADIT~1\PROC\p18f4550.asm
                    T0CON   0x000fd5       data     extern C:\MCC18\SRC\TRADIT~1\PROC\p18f4550.asm
                T0CONbits   0x000fd5       data     extern C:\MCC18\SRC\TRADIT~1\PROC\p18f4550.asm
                    T1CON   0x000fcd       data     extern C:\MCC18\SRC\TRADIT~1\PROC\p18f4550.asm
                T1CONbits   0x000fcd       data     extern C:\MCC18\SRC\TRADIT~1\PROC\p18f4550.asm
                    T2CON   0x000fca       data     extern C:\MCC18\SRC\TRADIT~1\PROC\p18f4550.asm
                T2CONbits   0x000fca       data     extern C:\MCC18\SRC\TRADIT~1\PROC\p18f4550.asm
                    T3CON   0x000fb1       data     extern C:\MCC18\SRC\TRADIT~1\PROC\p18f4550.asm
                T3CONbits   0x000fb1       data     extern C:\MCC18\SRC\TRADIT~1\PROC\p18f4550.asm
                   TABLAT   0x000ff5       data     extern C:\MCC18\SRC\TRADIT~1\PROC\p18f4550.asm
                   TBLPTR   0x000ff6       data     extern C:\MCC18\SRC\TRADIT~1\PROC\p18f4550.asm
                  TBLPTRH   0x000ff7       data     extern C:\MCC18\SRC\TRADIT~1\PROC\p18f4550.asm
                  TBLPTRL   0x000ff6       data     extern C:\MCC18\SRC\TRADIT~1\PROC\p18f4550.asm
                  TBLPTRU   0x000ff8       data     extern C:\MCC18\SRC\TRADIT~1\PROC\p18f4550.asm
                    TMR0H   0x000fd7       data     extern C:\MCC18\SRC\TRADIT~1\PROC\p18f4550.asm
                    TMR0L   0x000fd6       data     extern C:\MCC18\SRC\TRADIT~1\PROC\p18f4550.asm
                    TMR1H   0x000fcf       data     extern C:\MCC18\SRC\TRADIT~1\PROC\p18f4550.asm
                    TMR1L   0x000fce       data     extern C:\MCC18\SRC\TRADIT~1\PROC\p18f4550.asm
                     TMR2   0x000fcc       data     extern C:\MCC18\SRC\TRADIT~1\PROC\p18f4550.asm
                    TMR3H   0x000fb3       data     extern C:\MCC18\SRC\TRADIT~1\PROC\p18f4550.asm
                    TMR3L   0x000fb2       data     extern C:\MCC18\SRC\TRADIT~1\PROC\p18f4550.asm
                      TOS   0x000ffd       data     extern C:\MCC18\SRC\TRADIT~1\PROC\p18f4550.asm
                     TOSH   0x000ffe       data     extern C:\MCC18\SRC\TRADIT~1\PROC\p18f4550.asm
                     TOSL   0x000ffd       data     extern C:\MCC18\SRC\TRADIT~1\PROC\p18f4550.asm
                     TOSU   0x000fff       data     extern C:\MCC18\SRC\TRADIT~1\PROC\p18f4550.asm
                    TRISA   0x000f92       data     extern C:\MCC18\SRC\TRADIT~1\PROC\p18f4550.asm
                TRISAbits   0x000f92       data     extern C:\MCC18\SRC\TRADIT~1\PROC\p18f4550.asm
                    TRISB   0x000f93       data     extern C:\MCC18\SRC\TRADIT~1\PROC\p18f4550.asm
                TRISBbits   0x000f93       data     extern C:\MCC18\SRC\TRADIT~1\PROC\p18f4550.asm
                    TRISC   0x000f94       data     extern C:\MCC18\SRC\TRADIT~1\PROC\p18f4550.asm
                TRISCbits   0x000f94       data     extern C:\MCC18\SRC\TRADIT~1\PROC\p18f4550.asm
                    TRISD   0x000f95       data     extern C:\MCC18\SRC\TRADIT~1\PROC\p18f4550.asm
                TRISDbits   0x000f95       data     extern C:\MCC18\SRC\TRADIT~1\PROC\p18f4550.asm
                    TRISE   0x000f96       data     extern C:\MCC18\SRC\TRADIT~1\PROC\p18f4550.asm
                TRISEbits   0x000f96       data     extern C:\MCC18\SRC\TRADIT~1\PROC\p18f4550.asm
                    TXREG   0x000fad       data     extern C:\MCC18\SRC\TRADIT~1\PROC\p18f4550.asm
                    TXSTA   0x000fac       data     extern C:\MCC18\SRC\TRADIT~1\PROC\p18f4550.asm
                TXSTAbits   0x000fac       data     extern C:\MCC18\SRC\TRADIT~1\PROC\p18f4550.asm
                    UADDR   0x000f6e       data     extern C:\MCC18\SRC\TRADIT~1\PROC\p18f4550.asm
                UADDRbits   0x000f6e       data     extern C:\MCC18\SRC\TRADIT~1\PROC\p18f4550.asm
                     UCFG   0x000f6f       data     extern C:\MCC18\SRC\TRADIT~1\PROC\p18f4550.asm
                 UCFGbits   0x000f6f       data     extern C:\MCC18\SRC\TRADIT~1\PROC\p18f4550.asm
                     UCON   0x000f6d       data     extern C:\MCC18\SRC\TRADIT~1\PROC\p18f4550.asm
                 UCONbits   0x000f6d       data     extern C:\MCC18\SRC\TRADIT~1\PROC\p18f4550.asm
                     UEIE   0x000f6b       data     extern C:\MCC18\SRC\TRADIT~1\PROC\p18f4550.asm
                 UEIEbits   0x000f6b       data     extern C:\MCC18\SRC\TRADIT~1\PROC\p18f4550.asm
                     UEIR   0x000f6a       data     extern C:\MCC18\SRC\TRADIT~1\PROC\p18f4550.asm
                 UEIRbits   0x000f6a       data     extern C:\MCC18\SRC\TRADIT~1\PROC\p18f4550.asm
                     UEP0   0x000f70       data     extern C:\MCC18\SRC\TRADIT~1\PROC\p18f4550.asm
                 UEP0bits   0x000f70       data     extern C:\MCC18\SRC\TRADIT~1\PROC\p18f4550.asm
                     UEP1   0x000f71       data     extern C:\MCC18\SRC\TRADIT~1\PROC\p18f4550.asm
                    UEP10   0x000f7a       data     extern C:\MCC18\SRC\TRADIT~1\PROC\p18f4550.asm
                UEP10bits   0x000f7a       data     extern C:\MCC18\SRC\TRADIT~1\PROC\p18f4550.asm
                    UEP11   0x000f7b       data     extern C:\MCC18\SRC\TRADIT~1\PROC\p18f4550.asm
                UEP11bits   0x000f7b       data     extern C:\MCC18\SRC\TRADIT~1\PROC\p18f4550.asm
                    UEP12   0x000f7c       data     extern C:\MCC18\SRC\TRADIT~1\PROC\p18f4550.asm
                UEP12bits   0x000f7c       data     extern C:\MCC18\SRC\TRADIT~1\PROC\p18f4550.asm
                    UEP13   0x000f7d       data     extern C:\MCC18\SRC\TRADIT~1\PROC\p18f4550.asm
                UEP13bits   0x000f7d       data     extern C:\MCC18\SRC\TRADIT~1\PROC\p18f4550.asm
                    UEP14   0x000f7e       data     extern C:\MCC18\SRC\TRADIT~1\PROC\p18f4550.asm
                UEP14bits   0x000f7e       data     extern C:\MCC18\SRC\TRADIT~1\PROC\p18f4550.asm
                    UEP15   0x000f7f       data     extern C:\MCC18\SRC\TRADIT~1\PROC\p18f4550.asm
                UEP15bits   0x000f7f       data     extern C:\MCC18\SRC\TRADIT~1\PROC\p18f4550.asm
                 UEP1bits   0x000f71       data     extern C:\MCC18\SRC\TRADIT~1\PROC\p18f4550.asm
                     UEP2   0x000f72       data     extern C:\MCC18\SRC\TRADIT~1\PROC\p18f4550.asm
                 UEP2bits   0x000f72       data     extern C:\MCC18\SRC\TRADIT~1\PROC\p18f4550.asm
                     UEP3   0x000f73       data     extern C:\MCC18\SRC\TRADIT~1\PROC\p18f4550.asm
                 UEP3bits   0x000f73       data     extern C:\MCC18\SRC\TRADIT~1\PROC\p18f4550.asm
                     UEP4   0x000f74       data     extern C:\MCC18\SRC\TRADIT~1\PROC\p18f4550.asm
                 UEP4bits   0x000f74       data     extern C:\MCC18\SRC\TRADIT~1\PROC\p18f4550.asm
                     UEP5   0x000f75       data     extern C:\MCC18\SRC\TRADIT~1\PROC\p18f4550.asm
                 UEP5bits   0x000f75       data     extern C:\MCC18\SRC\TRADIT~1\PROC\p18f4550.asm
                     UEP6   0x000f76       data     extern C:\MCC18\SRC\TRADIT~1\PROC\p18f4550.asm
                 UEP6bits   0x000f76       data     extern C:\MCC18\SRC\TRADIT~1\PROC\p18f4550.asm
                     UEP7   0x000f77       data     extern C:\MCC18\SRC\TRADIT~1\PROC\p18f4550.asm
                 UEP7bits   0x000f77       data     extern C:\MCC18\SRC\TRADIT~1\PROC\p18f4550.asm
                     UEP8   0x000f78       data     extern C:\MCC18\SRC\TRADIT~1\PROC\p18f4550.asm
                 UEP8bits   0x000f78       data     extern C:\MCC18\SRC\TRADIT~1\PROC\p18f4550.asm
                     UEP9   0x000f79       data     extern C:\MCC18\SRC\TRADIT~1\PROC\p18f4550.asm
                 UEP9bits   0x000f79       data     extern C:\MCC18\SRC\TRADIT~1\PROC\p18f4550.asm
                     UFRM   0x000f66       data     extern C:\MCC18\SRC\TRADIT~1\PROC\p18f4550.asm
                    UFRMH   0x000f67       data     extern C:\MCC18\SRC\TRADIT~1\PROC\p18f4550.asm
                UFRMHbits   0x000f67       data     extern C:\MCC18\SRC\TRADIT~1\PROC\p18f4550.asm
                    UFRML   0x000f66       data     extern C:\MCC18\SRC\TRADIT~1\PROC\p18f4550.asm
                UFRMLbits   0x000f66       data     extern C:\MCC18\SRC\TRADIT~1\PROC\p18f4550.asm
                      UIE   0x000f69       data     extern C:\MCC18\SRC\TRADIT~1\PROC\p18f4550.asm
                  UIEbits   0x000f69       data     extern C:\MCC18\SRC\TRADIT~1\PROC\p18f4550.asm
                      UIR   0x000f68       data     extern C:\MCC18\SRC\TRADIT~1\PROC\p18f4550.asm
                  UIRbits   0x000f68       data     extern C:\MCC18\SRC\TRADIT~1\PROC\p18f4550.asm
                    USTAT   0x000f6c       data     extern C:\MCC18\SRC\TRADIT~1\PROC\p18f4550.asm
                USTATbits   0x000f6c       data     extern C:\MCC18\SRC\TRADIT~1\PROC\p18f4550.asm
                   WDTCON   0x000fd1       data     extern C:\MCC18\SRC\TRADIT~1\PROC\p18f4550.asm
               WDTCONbits   0x000fd1       data     extern C:\MCC18\SRC\TRADIT~1\PROC\p18f4550.asm
                     WREG   0x000fe8       data     extern C:\MCC18\SRC\TRADIT~1\PROC\p18f4550.asm
                 __AARGB0   0x000009       data     extern C:\MCC18\SRC\TRADIT~1\MATH\aarg.asm
                 __AARGB1   0x000008       data     extern C:\MCC18\SRC\TRADIT~1\MATH\aarg.asm
                 __AARGB2   0x000007       data     extern C:\MCC18\SRC\TRADIT~1\MATH\aarg.asm
                 __AARGB3   0x000006       data     extern C:\MCC18\SRC\TRADIT~1\MATH\aarg.asm
                 __AARGB4   0x000005       data     extern C:\MCC18\SRC\TRADIT~1\MATH\aarg.asm
                 __AARGB5   0x000004       data     extern C:\MCC18\SRC\TRADIT~1\MATH\aarg.asm
                 __AARGB6   0x000003       data     extern C:\MCC18\SRC\TRADIT~1\MATH\aarg.asm
                 __AARGB7   0x000002       data     extern C:\MCC18\SRC\TRADIT~1\MATH\aarg.asm
                   __AEXP   0x00000a       data     extern C:\MCC18\SRC\TRADIT~1\MATH\aarg.asm
                 __BARGB0   0x00000e       data     extern C:\MCC18\SRC\TRADIT~1\MATH\barg.asm
                 __BARGB1   0x00000d       data     extern C:\MCC18\SRC\TRADIT~1\MATH\barg.asm
                 __BARGB2   0x00000c       data     extern C:\MCC18\SRC\TRADIT~1\MATH\barg.asm
                 __BARGB3   0x00000b       data     extern C:\MCC18\SRC\TRADIT~1\MATH\barg.asm
                   __BEXP   0x00000f       data     extern C:\MCC18\SRC\TRADIT~1\MATH\barg.asm
                __FPFLAGS   0x000001       data     extern C:\MCC18\SRC\TRADIT~1\MATH\cmath18.asm
            __FPFLAGSbits   0x000001       data     extern C:\MCC18\SRC\TRADIT~1\MATH\cmath18.asm
                  __REMB0   0x000005       data     extern C:\MCC18\SRC\TRADIT~1\MATH\aarg.asm
                  __REMB1   0x000004       data     extern C:\MCC18\SRC\TRADIT~1\MATH\aarg.asm
                  __REMB2   0x000003       data     extern C:\MCC18\SRC\TRADIT~1\MATH\aarg.asm
                  __REMB3   0x000002       data     extern C:\MCC18\SRC\TRADIT~1\MATH\aarg.asm
                   __TEMP   0x000013       data     extern C:\MCC18\SRC\TRADIT~1\MATH\temparg.asm
                 __TEMPB0   0x000013       data     extern C:\MCC18\SRC\TRADIT~1\MATH\temparg.asm
                 __TEMPB1   0x000012       data     extern C:\MCC18\SRC\TRADIT~1\MATH\temparg.asm
                 __TEMPB2   0x000011       data     extern C:\MCC18\SRC\TRADIT~1\MATH\temparg.asm
                 __TEMPB3   0x000010       data     extern C:\MCC18\SRC\TRADIT~1\MATH\temparg.asm
                  __tmp_0   0x000014       data     static D:\Users\hbe_000\Projects\PIC\PIC18F4550\MIDI_mapper\MIDI_drv.c
                  __tmp_0   0x000014       data     static D:\Users\hbe_000\Projects\PIC\PIC18F4550\MIDI_mapper\main.c
                  __tmp_0   0x000014       data     static D:\Users\hbe_000\Projects\PIC\PIC18F4550\MIDI_mapper\disp_JHD162A_drv.c
                  __tmp_1   0x00001a       data     static D:\Users\hbe_000\Projects\PIC\PIC18F4550\MIDI_mapper\main.c
             backupEeprom   0x000073       data     extern D:\Users\hbe_000\Projects\PIC\PIC18F4550\MIDI_mapper\main.c
                    count   0x0000cf       data     static D:\Users\hbe_000\Projects\PIC\PIC18F4550\MIDI_mapper\main.c
                curr_byte   0x0000c4       data     static C:\MCC18\src\traditional\startup\c018i.c
               curr_entry   0x0000c6       data     static C:\MCC18\src\traditional\startup\c018i.c
                     data   0x00009f       data     extern D:\Users\hbe_000\Projects\PIC\PIC18F4550\MIDI_mapper\main.c
                 data_ptr   0x0000c8       data     static C:\MCC18\src\traditional\startup\c018i.c
                   digits   0x0000a0       data     extern D:\Users\hbe_000\Projects\PIC\PIC18F4550\MIDI_mapper\disp_JHD162A_drv.c
                   direct   0x0000d1       data     static D:\Users\hbe_000\Projects\PIC\PIC18F4550\MIDI_mapper\main.c
                   eeprom   0x000063       data     extern D:\Users\hbe_000\Projects\PIC\PIC18F4550\MIDI_mapper\main.c
        four_bit_protocol   0x0000c0       data     extern D:\Users\hbe_000\Projects\PIC\PIC18F4550\MIDI_mapper\disp_JHD162A_drv.c
               ob_get_pos   0x0000cd       data     extern D:\Users\hbe_000\Projects\PIC\PIC18F4550\MIDI_mapper\MIDI_drv.c
               ob_put_pos   0x0000cb       data     extern D:\Users\hbe_000\Projects\PIC\PIC18F4550\MIDI_mapper\MIDI_drv.c
                 out_buff   0x000100       data     static D:\Users\hbe_000\Projects\PIC\PIC18F4550\MIDI_mapper\MIDI_drv.c
                       pc   0x000060       data     extern D:\Users\hbe_000\Projects\PIC\PIC18F4550\MIDI_mapper\main.c
                     prom   0x0000c1       data     static C:\MCC18\src\traditional\startup\c018i.c
                   queues   0x000077       data     extern D:\Users\hbe_000\Projects\PIC\PIC18F4550\MIDI_mapper\main.c
                  seconds   0x000076       data     extern D:\Users\hbe_000\Projects\PIC\PIC18F4550\MIDI_mapper\main.c
                    synth   0x000075       data     extern D:\Users\hbe_000\Projects\PIC\PIC18F4550\MIDI_mapper\main.c
                    wheel   0x000074       data     extern D:\Users\hbe_000\Projects\PIC\PIC18F4550\MIDI_mapper\main.c



                              Symbols - Sorted by Address
                     Name    Address   Location    Storage File                     
                ---------  ---------  ---------  --------- ---------                
                   _entry   0x000000    program     extern C:\MCC18\src\traditional\startup\c018i.c
       ___return_lbl00000   0x000004    program     static                          
   interrupt_at_lo_vector   0x000018    program     extern D:\Users\hbe_000\Projects\PIC\PIC18F4550\MIDI_mapper\main.c
       ___return_lbl00000   0x00001c    program     static                          
            TMR_Interrupt   0x000038    program     extern D:\Users\hbe_000\Projects\PIC\PIC18F4550\MIDI_mapper\main.c
       check_subprocessor   0x0002b0    program     extern D:\Users\hbe_000\Projects\PIC\PIC18F4550\MIDI_mapper\main.c
                      nop   0x0006da    program     extern D:\Users\hbe_000\Projects\PIC\PIC18F4550\MIDI_mapper\main.c
                    delay   0x0006fa    program     extern D:\Users\hbe_000\Projects\PIC\PIC18F4550\MIDI_mapper\main.c
                     main   0x0007b6    program     extern D:\Users\hbe_000\Projects\PIC\PIC18F4550\MIDI_mapper\main.c
                     menu   0x000958    program     extern D:\Users\hbe_000\Projects\PIC\PIC18F4550\MIDI_mapper\main.c
  CheckProgramChangeWheel   0x000c68    program     extern D:\Users\hbe_000\Projects\PIC\PIC18F4550\MIDI_mapper\main.c
                ProgramUp   0x000ce8    program     extern D:\Users\hbe_000\Projects\PIC\PIC18F4550\MIDI_mapper\main.c
              ProgramDown   0x000da4    program     extern D:\Users\hbe_000\Projects\PIC\PIC18F4550\MIDI_mapper\main.c
               SetProgram   0x000e60    program     extern D:\Users\hbe_000\Projects\PIC\PIC18F4550\MIDI_mapper\main.c
                killNotes   0x000eb6    program     extern D:\Users\hbe_000\Projects\PIC\PIC18F4550\MIDI_mapper\main.c
             displaySynth   0x000fe0    program     extern D:\Users\hbe_000\Projects\PIC\PIC18F4550\MIDI_mapper\main.c
               readEeProm   0x001278    program     extern D:\Users\hbe_000\Projects\PIC\PIC18F4550\MIDI_mapper\main.c
           BackupToEeprom   0x001430    program     extern D:\Users\hbe_000\Projects\PIC\PIC18F4550\MIDI_mapper\main.c
                  welcome   0x0015ca    program     extern D:\Users\hbe_000\Projects\PIC\PIC18F4550\MIDI_mapper\main.c
               PrintLine1   0x001986    program     extern D:\Users\hbe_000\Projects\PIC\PIC18F4550\MIDI_mapper\disp_JHD162A_drv.c
               PrintLine2   0x0019c0    program     extern D:\Users\hbe_000\Projects\PIC\PIC18F4550\MIDI_mapper\disp_JHD162A_drv.c
            PrintLine1Ram   0x0019fa    program     extern D:\Users\hbe_000\Projects\PIC\PIC18F4550\MIDI_mapper\disp_JHD162A_drv.c
            PrintLine2Ram   0x001a46    program     extern D:\Users\hbe_000\Projects\PIC\PIC18F4550\MIDI_mapper\disp_JHD162A_drv.c
             PrintNumeric   0x001a92    program     extern D:\Users\hbe_000\Projects\PIC\PIC18F4550\MIDI_mapper\disp_JHD162A_drv.c
                 PrintHex   0x001b22    program     extern D:\Users\hbe_000\Projects\PIC\PIC18F4550\MIDI_mapper\disp_JHD162A_drv.c
                      Clr   0x001b9e    program     extern D:\Users\hbe_000\Projects\PIC\PIC18F4550\MIDI_mapper\disp_JHD162A_drv.c
                    power   0x001bb0    program     extern D:\Users\hbe_000\Projects\PIC\PIC18F4550\MIDI_mapper\disp_JHD162A_drv.c
                  my_atoi   0x001c1c    program     extern D:\Users\hbe_000\Projects\PIC\PIC18F4550\MIDI_mapper\disp_JHD162A_drv.c
                  my_atox   0x001e20    program     extern D:\Users\hbe_000\Projects\PIC\PIC18F4550\MIDI_mapper\disp_JHD162A_drv.c
                my_strcpy   0x001ea6    program     extern D:\Users\hbe_000\Projects\PIC\PIC18F4550\MIDI_mapper\disp_JHD162A_drv.c
           print_line_ram   0x001f28    program     extern D:\Users\hbe_000\Projects\PIC\PIC18F4550\MIDI_mapper\disp_JHD162A_drv.c
           print_line_rom   0x001f98    program     extern D:\Users\hbe_000\Projects\PIC\PIC18F4550\MIDI_mapper\disp_JHD162A_drv.c
                    pause   0x002020    program     extern D:\Users\hbe_000\Projects\PIC\PIC18F4550\MIDI_mapper\disp_JHD162A_drv.c
              delay_64_us   0x002072    program     extern D:\Users\hbe_000\Projects\PIC\PIC18F4550\MIDI_mapper\disp_JHD162A_drv.c
              delay_10_ms   0x002076    program     extern D:\Users\hbe_000\Projects\PIC\PIC18F4550\MIDI_mapper\disp_JHD162A_drv.c
                 soft_nop   0x0020a2    program     extern D:\Users\hbe_000\Projects\PIC\PIC18F4550\MIDI_mapper\disp_JHD162A_drv.c
            lcd_checkbusy   0x0020c2    program     extern D:\Users\hbe_000\Projects\PIC\PIC18F4550\MIDI_mapper\disp_JHD162A_drv.c
                lcd_wrcmd   0x0020fa    program     extern D:\Users\hbe_000\Projects\PIC\PIC18F4550\MIDI_mapper\disp_JHD162A_drv.c
                lcd_wrdta   0x00216a    program     extern D:\Users\hbe_000\Projects\PIC\PIC18F4550\MIDI_mapper\disp_JHD162A_drv.c
                 lcd_init   0x0021da    program     extern D:\Users\hbe_000\Projects\PIC\PIC18F4550\MIDI_mapper\disp_JHD162A_drv.c
              __string_39   0x00227c    program     static D:\Users\hbe_000\Projects\PIC\PIC18F4550\MIDI_mapper\main.c
              __string_38   0x00228d    program     static D:\Users\hbe_000\Projects\PIC\PIC18F4550\MIDI_mapper\main.c
              __string_37   0x00229e    program     static D:\Users\hbe_000\Projects\PIC\PIC18F4550\MIDI_mapper\main.c
              __string_36   0x0022af    program     static D:\Users\hbe_000\Projects\PIC\PIC18F4550\MIDI_mapper\main.c
              __string_35   0x0022c0    program     static D:\Users\hbe_000\Projects\PIC\PIC18F4550\MIDI_mapper\main.c
              __string_34   0x0022d1    program     static D:\Users\hbe_000\Projects\PIC\PIC18F4550\MIDI_mapper\main.c
              __string_33   0x0022e2    program     static D:\Users\hbe_000\Projects\PIC\PIC18F4550\MIDI_mapper\main.c
              __string_32   0x0022f3    program     static D:\Users\hbe_000\Projects\PIC\PIC18F4550\MIDI_mapper\main.c
              __string_31   0x002304    program     static D:\Users\hbe_000\Projects\PIC\PIC18F4550\MIDI_mapper\main.c
              __string_30   0x002315    program     static D:\Users\hbe_000\Projects\PIC\PIC18F4550\MIDI_mapper\main.c
              __string_29   0x002326    program     static D:\Users\hbe_000\Projects\PIC\PIC18F4550\MIDI_mapper\main.c
              __string_28   0x002337    program     static D:\Users\hbe_000\Projects\PIC\PIC18F4550\MIDI_mapper\main.c
              __string_27   0x002348    program     static D:\Users\hbe_000\Projects\PIC\PIC18F4550\MIDI_mapper\main.c
              __string_26   0x002359    program     static D:\Users\hbe_000\Projects\PIC\PIC18F4550\MIDI_mapper\main.c
              __string_25   0x00236a    program     static D:\Users\hbe_000\Projects\PIC\PIC18F4550\MIDI_mapper\main.c
              __string_24   0x00237b    program     static D:\Users\hbe_000\Projects\PIC\PIC18F4550\MIDI_mapper\main.c
              __string_23   0x00238c    program     static D:\Users\hbe_000\Projects\PIC\PIC18F4550\MIDI_mapper\main.c
              __string_22   0x00239d    program     static D:\Users\hbe_000\Projects\PIC\PIC18F4550\MIDI_mapper\main.c
              __string_21   0x0023ae    program     static D:\Users\hbe_000\Projects\PIC\PIC18F4550\MIDI_mapper\main.c
              __string_20   0x0023bf    program     static D:\Users\hbe_000\Projects\PIC\PIC18F4550\MIDI_mapper\main.c
              __string_19   0x0023d0    program     static D:\Users\hbe_000\Projects\PIC\PIC18F4550\MIDI_mapper\main.c
              __string_18   0x0023e1    program     static D:\Users\hbe_000\Projects\PIC\PIC18F4550\MIDI_mapper\main.c
              __string_15   0x0023f2    program     static D:\Users\hbe_000\Projects\PIC\PIC18F4550\MIDI_mapper\main.c
              __string_14   0x002403    program     static D:\Users\hbe_000\Projects\PIC\PIC18F4550\MIDI_mapper\main.c
              __string_13   0x002414    program     static D:\Users\hbe_000\Projects\PIC\PIC18F4550\MIDI_mapper\main.c
              __string_12   0x002425    program     static D:\Users\hbe_000\Projects\PIC\PIC18F4550\MIDI_mapper\main.c
              __string_11   0x002436    program     static D:\Users\hbe_000\Projects\PIC\PIC18F4550\MIDI_mapper\main.c
              __string_10   0x002447    program     static D:\Users\hbe_000\Projects\PIC\PIC18F4550\MIDI_mapper\main.c
               __string_9   0x002458    program     static D:\Users\hbe_000\Projects\PIC\PIC18F4550\MIDI_mapper\main.c
               __string_8   0x002469    program     static D:\Users\hbe_000\Projects\PIC\PIC18F4550\MIDI_mapper\main.c
               __string_7   0x00247a    program     static D:\Users\hbe_000\Projects\PIC\PIC18F4550\MIDI_mapper\main.c
               __string_6   0x00248b    program     static D:\Users\hbe_000\Projects\PIC\PIC18F4550\MIDI_mapper\main.c
               __string_5   0x00249c    program     static D:\Users\hbe_000\Projects\PIC\PIC18F4550\MIDI_mapper\main.c
               __string_4   0x0024ad    program     static D:\Users\hbe_000\Projects\PIC\PIC18F4550\MIDI_mapper\main.c
               __string_3   0x0024be    program     static D:\Users\hbe_000\Projects\PIC\PIC18F4550\MIDI_mapper\main.c
               __string_2   0x0024cf    program     static D:\Users\hbe_000\Projects\PIC\PIC18F4550\MIDI_mapper\main.c
               __string_1   0x0024e0    program     static D:\Users\hbe_000\Projects\PIC\PIC18F4550\MIDI_mapper\main.c
               __string_0   0x0024f1    program     static D:\Users\hbe_000\Projects\PIC\PIC18F4550\MIDI_mapper\main.c
                MIDI_Init   0x002502    program     extern D:\Users\hbe_000\Projects\PIC\PIC18F4550\MIDI_mapper\MIDI_drv.c
           MIDI_Reset_All   0x002532    program     extern D:\Users\hbe_000\Projects\PIC\PIC18F4550\MIDI_mapper\MIDI_drv.c
               MIDI_KeyOn   0x002612    program     extern D:\Users\hbe_000\Projects\PIC\PIC18F4550\MIDI_mapper\MIDI_drv.c
              MIDI_KeyOff   0x002648    program     extern D:\Users\hbe_000\Projects\PIC\PIC18F4550\MIDI_mapper\MIDI_drv.c
                MIDI_Send   0x00267e    program     extern D:\Users\hbe_000\Projects\PIC\PIC18F4550\MIDI_mapper\MIDI_drv.c
         MIDI_SendOneByte   0x0026b6    program     extern D:\Users\hbe_000\Projects\PIC\PIC18F4550\MIDI_mapper\MIDI_drv.c
                 FXD1616S   0x0026ee    program     extern C:\MCC18\SRC\TRADIT~1\MATH\fxd1616s.asm
                  DA1616S   0x002700    program     static C:\MCC18\SRC\TRADIT~1\MATH\fxd1616s.asm
                   D1616S   0x002710    program     static C:\MCC18\SRC\TRADIT~1\MATH\fxd1616s.asm
                 D1616SOK   0x00271a    program     static C:\MCC18\SRC\TRADIT~1\MATH\fxd1616s.asm
                D1616SNEG   0x00271e    program     static C:\MCC18\SRC\TRADIT~1\MATH\fxd1616s.asm
                  D1616SX   0x002730    program     static C:\MCC18\SRC\TRADIT~1\MATH\fxd1616s.asm
                 FXM1616S   0x00273a    program     extern C:\MCC18\SRC\TRADIT~1\MATH\fxm1616s.asm
               TSIGN1616A   0x002786    program     static C:\MCC18\SRC\TRADIT~1\MATH\fxm1616s.asm
                _do_cinit   0x002794    program     extern C:\MCC18\src\traditional\startup\c018i.c
                     test   0x0027ae    program     static                          
                copy_loop   0x002806    program     static                          
            copy_one_byte   0x00280c    program     static                          
             done_copying   0x00281a    program     static                          
                     done   0x002830    program     static                          
       ___return_lbl00002   0x002830    program     static                          
        eeprom_write_byte   0x002832    program     extern D:\Users\hbe_000\Projects\PIC\PIC18F4550\MIDI_mapper\eeprom_low_level_driver.c
         eeprom_read_byte   0x00286c    program     extern D:\Users\hbe_000\Projects\PIC\PIC18F4550\MIDI_mapper\eeprom_low_level_driver.c
                 FXD1616U   0x00288c    program     extern C:\MCC18\src\TRADIT~1\math\fxd1616u.c
                     loop   0x002896    program     static                          
                  endloop   0x0028b2    program     static                          
       ___return_lbl00000   0x0028b6    program     static                          
                 _startup   0x0028b8    program     extern C:\MCC18\src\traditional\startup\c018i.c
                     loop   0x0028c8    program     static                          
       ___return_lbl00001   0x0028d2    program     static                          
                   __init   0x0028d4    program     extern C:\MCC18\src\TRADIT~1\stdclib\__init.c
               __config_0   0x300000    program     static D:\Users\hbe_000\Projects\PIC\PIC18F4550\MIDI_mapper\main.c
               __config_1   0x300001    program     static D:\Users\hbe_000\Projects\PIC\PIC18F4550\MIDI_mapper\main.c
               __config_2   0x300002    program     static D:\Users\hbe_000\Projects\PIC\PIC18F4550\MIDI_mapper\main.c
               __config_3   0x300003    program     static D:\Users\hbe_000\Projects\PIC\PIC18F4550\MIDI_mapper\main.c
               __config_4   0x300005    program     static D:\Users\hbe_000\Projects\PIC\PIC18F4550\MIDI_mapper\main.c
               __config_5   0x300006    program     static D:\Users\hbe_000\Projects\PIC\PIC18F4550\MIDI_mapper\main.c
               __config_6   0x300008    program     static D:\Users\hbe_000\Projects\PIC\PIC18F4550\MIDI_mapper\main.c
               __config_7   0x300009    program     static D:\Users\hbe_000\Projects\PIC\PIC18F4550\MIDI_mapper\main.c
               __config_8   0x30000a    program     static D:\Users\hbe_000\Projects\PIC\PIC18F4550\MIDI_mapper\main.c
               __config_9   0x30000b    program     static D:\Users\hbe_000\Projects\PIC\PIC18F4550\MIDI_mapper\main.c
              __config_10   0x30000c    program     static D:\Users\hbe_000\Projects\PIC\PIC18F4550\MIDI_mapper\main.c
              __config_11   0x30000d    program     static D:\Users\hbe_000\Projects\PIC\PIC18F4550\MIDI_mapper\main.c
                     SIGN   0x000000       data     extern C:\MCC18\SRC\TRADIT~1\MATH\cmath18.asm
            __FPFLAGSbits   0x000001       data     extern C:\MCC18\SRC\TRADIT~1\MATH\cmath18.asm
                __FPFLAGS   0x000001       data     extern C:\MCC18\SRC\TRADIT~1\MATH\cmath18.asm
                  __REMB3   0x000002       data     extern C:\MCC18\SRC\TRADIT~1\MATH\aarg.asm
                 __AARGB7   0x000002       data     extern C:\MCC18\SRC\TRADIT~1\MATH\aarg.asm
                 __AARGB6   0x000003       data     extern C:\MCC18\SRC\TRADIT~1\MATH\aarg.asm
                  __REMB2   0x000003       data     extern C:\MCC18\SRC\TRADIT~1\MATH\aarg.asm
                 __AARGB5   0x000004       data     extern C:\MCC18\SRC\TRADIT~1\MATH\aarg.asm
                  __REMB1   0x000004       data     extern C:\MCC18\SRC\TRADIT~1\MATH\aarg.asm
                 __AARGB4   0x000005       data     extern C:\MCC18\SRC\TRADIT~1\MATH\aarg.asm
                  __REMB0   0x000005       data     extern C:\MCC18\SRC\TRADIT~1\MATH\aarg.asm
                 __AARGB3   0x000006       data     extern C:\MCC18\SRC\TRADIT~1\MATH\aarg.asm
                 __AARGB2   0x000007       data     extern C:\MCC18\SRC\TRADIT~1\MATH\aarg.asm
                 __AARGB1   0x000008       data     extern C:\MCC18\SRC\TRADIT~1\MATH\aarg.asm
                 __AARGB0   0x000009       data     extern C:\MCC18\SRC\TRADIT~1\MATH\aarg.asm
                   __AEXP   0x00000a       data     extern C:\MCC18\SRC\TRADIT~1\MATH\aarg.asm
                 __BARGB3   0x00000b       data     extern C:\MCC18\SRC\TRADIT~1\MATH\barg.asm
                 __BARGB2   0x00000c       data     extern C:\MCC18\SRC\TRADIT~1\MATH\barg.asm
                 __BARGB1   0x00000d       data     extern C:\MCC18\SRC\TRADIT~1\MATH\barg.asm
                 __BARGB0   0x00000e       data     extern C:\MCC18\SRC\TRADIT~1\MATH\barg.asm
                   __BEXP   0x00000f       data     extern C:\MCC18\SRC\TRADIT~1\MATH\barg.asm
                 __TEMPB3   0x000010       data     extern C:\MCC18\SRC\TRADIT~1\MATH\temparg.asm
                 __TEMPB2   0x000011       data     extern C:\MCC18\SRC\TRADIT~1\MATH\temparg.asm
                 __TEMPB1   0x000012       data     extern C:\MCC18\SRC\TRADIT~1\MATH\temparg.asm
                 __TEMPB0   0x000013       data     extern C:\MCC18\SRC\TRADIT~1\MATH\temparg.asm
                   __TEMP   0x000013       data     extern C:\MCC18\SRC\TRADIT~1\MATH\temparg.asm
                  __tmp_0   0x000014       data     static D:\Users\hbe_000\Projects\PIC\PIC18F4550\MIDI_mapper\MIDI_drv.c
                  __tmp_0   0x000014       data     static D:\Users\hbe_000\Projects\PIC\PIC18F4550\MIDI_mapper\main.c
                  __tmp_0   0x000014       data     static D:\Users\hbe_000\Projects\PIC\PIC18F4550\MIDI_mapper\disp_JHD162A_drv.c
                  __tmp_1   0x00001a       data     static D:\Users\hbe_000\Projects\PIC\PIC18F4550\MIDI_mapper\main.c
                       pc   0x000060       data     extern D:\Users\hbe_000\Projects\PIC\PIC18F4550\MIDI_mapper\main.c
                   eeprom   0x000063       data     extern D:\Users\hbe_000\Projects\PIC\PIC18F4550\MIDI_mapper\main.c
             backupEeprom   0x000073       data     extern D:\Users\hbe_000\Projects\PIC\PIC18F4550\MIDI_mapper\main.c
                    wheel   0x000074       data     extern D:\Users\hbe_000\Projects\PIC\PIC18F4550\MIDI_mapper\main.c
                    synth   0x000075       data     extern D:\Users\hbe_000\Projects\PIC\PIC18F4550\MIDI_mapper\main.c
                  seconds   0x000076       data     extern D:\Users\hbe_000\Projects\PIC\PIC18F4550\MIDI_mapper\main.c
                   queues   0x000077       data     extern D:\Users\hbe_000\Projects\PIC\PIC18F4550\MIDI_mapper\main.c
                     data   0x00009f       data     extern D:\Users\hbe_000\Projects\PIC\PIC18F4550\MIDI_mapper\main.c
                   digits   0x0000a0       data     extern D:\Users\hbe_000\Projects\PIC\PIC18F4550\MIDI_mapper\disp_JHD162A_drv.c
        four_bit_protocol   0x0000c0       data     extern D:\Users\hbe_000\Projects\PIC\PIC18F4550\MIDI_mapper\disp_JHD162A_drv.c
                     prom   0x0000c1       data     static C:\MCC18\src\traditional\startup\c018i.c
                curr_byte   0x0000c4       data     static C:\MCC18\src\traditional\startup\c018i.c
               curr_entry   0x0000c6       data     static C:\MCC18\src\traditional\startup\c018i.c
                 data_ptr   0x0000c8       data     static C:\MCC18\src\traditional\startup\c018i.c
               ob_put_pos   0x0000cb       data     extern D:\Users\hbe_000\Projects\PIC\PIC18F4550\MIDI_mapper\MIDI_drv.c
               ob_get_pos   0x0000cd       data     extern D:\Users\hbe_000\Projects\PIC\PIC18F4550\MIDI_mapper\MIDI_drv.c
                    count   0x0000cf       data     static D:\Users\hbe_000\Projects\PIC\PIC18F4550\MIDI_mapper\main.c
                   direct   0x0000d1       data     static D:\Users\hbe_000\Projects\PIC\PIC18F4550\MIDI_mapper\main.c
                 out_buff   0x000100       data     static D:\Users\hbe_000\Projects\PIC\PIC18F4550\MIDI_mapper\MIDI_drv.c
                  SPPDATA   0x000f62       data     extern C:\MCC18\SRC\TRADIT~1\PROC\p18f4550.asm
               SPPCFGbits   0x000f63       data     extern C:\MCC18\SRC\TRADIT~1\PROC\p18f4550.asm
                   SPPCFG   0x000f63       data     extern C:\MCC18\SRC\TRADIT~1\PROC\p18f4550.asm
                   SPPEPS   0x000f64       data     extern C:\MCC18\SRC\TRADIT~1\PROC\p18f4550.asm
               SPPEPSbits   0x000f64       data     extern C:\MCC18\SRC\TRADIT~1\PROC\p18f4550.asm
               SPPCONbits   0x000f65       data     extern C:\MCC18\SRC\TRADIT~1\PROC\p18f4550.asm
                   SPPCON   0x000f65       data     extern C:\MCC18\SRC\TRADIT~1\PROC\p18f4550.asm
                     UFRM   0x000f66       data     extern C:\MCC18\SRC\TRADIT~1\PROC\p18f4550.asm
                    UFRML   0x000f66       data     extern C:\MCC18\SRC\TRADIT~1\PROC\p18f4550.asm
                UFRMLbits   0x000f66       data     extern C:\MCC18\SRC\TRADIT~1\PROC\p18f4550.asm
                    UFRMH   0x000f67       data     extern C:\MCC18\SRC\TRADIT~1\PROC\p18f4550.asm
                UFRMHbits   0x000f67       data     extern C:\MCC18\SRC\TRADIT~1\PROC\p18f4550.asm
                      UIR   0x000f68       data     extern C:\MCC18\SRC\TRADIT~1\PROC\p18f4550.asm
                  UIRbits   0x000f68       data     extern C:\MCC18\SRC\TRADIT~1\PROC\p18f4550.asm
                      UIE   0x000f69       data     extern C:\MCC18\SRC\TRADIT~1\PROC\p18f4550.asm
                  UIEbits   0x000f69       data     extern C:\MCC18\SRC\TRADIT~1\PROC\p18f4550.asm
                 UEIRbits   0x000f6a       data     extern C:\MCC18\SRC\TRADIT~1\PROC\p18f4550.asm
                     UEIR   0x000f6a       data     extern C:\MCC18\SRC\TRADIT~1\PROC\p18f4550.asm
                 UEIEbits   0x000f6b       data     extern C:\MCC18\SRC\TRADIT~1\PROC\p18f4550.asm
                     UEIE   0x000f6b       data     extern C:\MCC18\SRC\TRADIT~1\PROC\p18f4550.asm
                USTATbits   0x000f6c       data     extern C:\MCC18\SRC\TRADIT~1\PROC\p18f4550.asm
                    USTAT   0x000f6c       data     extern C:\MCC18\SRC\TRADIT~1\PROC\p18f4550.asm
                 UCONbits   0x000f6d       data     extern C:\MCC18\SRC\TRADIT~1\PROC\p18f4550.asm
                     UCON   0x000f6d       data     extern C:\MCC18\SRC\TRADIT~1\PROC\p18f4550.asm
                UADDRbits   0x000f6e       data     extern C:\MCC18\SRC\TRADIT~1\PROC\p18f4550.asm
                    UADDR   0x000f6e       data     extern C:\MCC18\SRC\TRADIT~1\PROC\p18f4550.asm
                     UCFG   0x000f6f       data     extern C:\MCC18\SRC\TRADIT~1\PROC\p18f4550.asm
                 UCFGbits   0x000f6f       data     extern C:\MCC18\SRC\TRADIT~1\PROC\p18f4550.asm
                     UEP0   0x000f70       data     extern C:\MCC18\SRC\TRADIT~1\PROC\p18f4550.asm
                 UEP0bits   0x000f70       data     extern C:\MCC18\SRC\TRADIT~1\PROC\p18f4550.asm
                 UEP1bits   0x000f71       data     extern C:\MCC18\SRC\TRADIT~1\PROC\p18f4550.asm
                     UEP1   0x000f71       data     extern C:\MCC18\SRC\TRADIT~1\PROC\p18f4550.asm
                     UEP2   0x000f72       data     extern C:\MCC18\SRC\TRADIT~1\PROC\p18f4550.asm
                 UEP2bits   0x000f72       data     extern C:\MCC18\SRC\TRADIT~1\PROC\p18f4550.asm
                     UEP3   0x000f73       data     extern C:\MCC18\SRC\TRADIT~1\PROC\p18f4550.asm
                 UEP3bits   0x000f73       data     extern C:\MCC18\SRC\TRADIT~1\PROC\p18f4550.asm
                 UEP4bits   0x000f74       data     extern C:\MCC18\SRC\TRADIT~1\PROC\p18f4550.asm
                     UEP4   0x000f74       data     extern C:\MCC18\SRC\TRADIT~1\PROC\p18f4550.asm
                 UEP5bits   0x000f75       data     extern C:\MCC18\SRC\TRADIT~1\PROC\p18f4550.asm
                     UEP5   0x000f75       data     extern C:\MCC18\SRC\TRADIT~1\PROC\p18f4550.asm
                 UEP6bits   0x000f76       data     extern C:\MCC18\SRC\TRADIT~1\PROC\p18f4550.asm
                     UEP6   0x000f76       data     extern C:\MCC18\SRC\TRADIT~1\PROC\p18f4550.asm
                 UEP7bits   0x000f77       data     extern C:\MCC18\SRC\TRADIT~1\PROC\p18f4550.asm
                     UEP7   0x000f77       data     extern C:\MCC18\SRC\TRADIT~1\PROC\p18f4550.asm
                 UEP8bits   0x000f78       data     extern C:\MCC18\SRC\TRADIT~1\PROC\p18f4550.asm
                     UEP8   0x000f78       data     extern C:\MCC18\SRC\TRADIT~1\PROC\p18f4550.asm
                 UEP9bits   0x000f79       data     extern C:\MCC18\SRC\TRADIT~1\PROC\p18f4550.asm
                     UEP9   0x000f79       data     extern C:\MCC18\SRC\TRADIT~1\PROC\p18f4550.asm
                    UEP10   0x000f7a       data     extern C:\MCC18\SRC\TRADIT~1\PROC\p18f4550.asm
                UEP10bits   0x000f7a       data     extern C:\MCC18\SRC\TRADIT~1\PROC\p18f4550.asm
                    UEP11   0x000f7b       data     extern C:\MCC18\SRC\TRADIT~1\PROC\p18f4550.asm
                UEP11bits   0x000f7b       data     extern C:\MCC18\SRC\TRADIT~1\PROC\p18f4550.asm
                UEP12bits   0x000f7c       data     extern C:\MCC18\SRC\TRADIT~1\PROC\p18f4550.asm
                    UEP12   0x000f7c       data     extern C:\MCC18\SRC\TRADIT~1\PROC\p18f4550.asm
                    UEP13   0x000f7d       data     extern C:\MCC18\SRC\TRADIT~1\PROC\p18f4550.asm
                UEP13bits   0x000f7d       data     extern C:\MCC18\SRC\TRADIT~1\PROC\p18f4550.asm
                UEP14bits   0x000f7e       data     extern C:\MCC18\SRC\TRADIT~1\PROC\p18f4550.asm
                    UEP14   0x000f7e       data     extern C:\MCC18\SRC\TRADIT~1\PROC\p18f4550.asm
                UEP15bits   0x000f7f       data     extern C:\MCC18\SRC\TRADIT~1\PROC\p18f4550.asm
                    UEP15   0x000f7f       data     extern C:\MCC18\SRC\TRADIT~1\PROC\p18f4550.asm
                PORTAbits   0x000f80       data     extern C:\MCC18\SRC\TRADIT~1\PROC\p18f4550.asm
                    PORTA   0x000f80       data     extern C:\MCC18\SRC\TRADIT~1\PROC\p18f4550.asm
                PORTBbits   0x000f81       data     extern C:\MCC18\SRC\TRADIT~1\PROC\p18f4550.asm
                    PORTB   0x000f81       data     extern C:\MCC18\SRC\TRADIT~1\PROC\p18f4550.asm
                    PORTC   0x000f82       data     extern C:\MCC18\SRC\TRADIT~1\PROC\p18f4550.asm
                PORTCbits   0x000f82       data     extern C:\MCC18\SRC\TRADIT~1\PROC\p18f4550.asm
                    PORTD   0x000f83       data     extern C:\MCC18\SRC\TRADIT~1\PROC\p18f4550.asm
                PORTDbits   0x000f83       data     extern C:\MCC18\SRC\TRADIT~1\PROC\p18f4550.asm
                    PORTE   0x000f84       data     extern C:\MCC18\SRC\TRADIT~1\PROC\p18f4550.asm
                PORTEbits   0x000f84       data     extern C:\MCC18\SRC\TRADIT~1\PROC\p18f4550.asm
                 LATAbits   0x000f89       data     extern C:\MCC18\SRC\TRADIT~1\PROC\p18f4550.asm
                     LATA   0x000f89       data     extern C:\MCC18\SRC\TRADIT~1\PROC\p18f4550.asm
                 LATBbits   0x000f8a       data     extern C:\MCC18\SRC\TRADIT~1\PROC\p18f4550.asm
                     LATB   0x000f8a       data     extern C:\MCC18\SRC\TRADIT~1\PROC\p18f4550.asm
                 LATCbits   0x000f8b       data     extern C:\MCC18\SRC\TRADIT~1\PROC\p18f4550.asm
                     LATC   0x000f8b       data     extern C:\MCC18\SRC\TRADIT~1\PROC\p18f4550.asm
                 LATDbits   0x000f8c       data     extern C:\MCC18\SRC\TRADIT~1\PROC\p18f4550.asm
                     LATD   0x000f8c       data     extern C:\MCC18\SRC\TRADIT~1\PROC\p18f4550.asm
                     LATE   0x000f8d       data     extern C:\MCC18\SRC\TRADIT~1\PROC\p18f4550.asm
                 LATEbits   0x000f8d       data     extern C:\MCC18\SRC\TRADIT~1\PROC\p18f4550.asm
                TRISAbits   0x000f92       data     extern C:\MCC18\SRC\TRADIT~1\PROC\p18f4550.asm
                    TRISA   0x000f92       data     extern C:\MCC18\SRC\TRADIT~1\PROC\p18f4550.asm
                 DDRAbits   0x000f92       data     extern C:\MCC18\SRC\TRADIT~1\PROC\p18f4550.asm
                     DDRA   0x000f92       data     extern C:\MCC18\SRC\TRADIT~1\PROC\p18f4550.asm
                     DDRB   0x000f93       data     extern C:\MCC18\SRC\TRADIT~1\PROC\p18f4550.asm
                 DDRBbits   0x000f93       data     extern C:\MCC18\SRC\TRADIT~1\PROC\p18f4550.asm
                    TRISB   0x000f93       data     extern C:\MCC18\SRC\TRADIT~1\PROC\p18f4550.asm
                TRISBbits   0x000f93       data     extern C:\MCC18\SRC\TRADIT~1\PROC\p18f4550.asm
                     DDRC   0x000f94       data     extern C:\MCC18\SRC\TRADIT~1\PROC\p18f4550.asm
                 DDRCbits   0x000f94       data     extern C:\MCC18\SRC\TRADIT~1\PROC\p18f4550.asm
                TRISCbits   0x000f94       data     extern C:\MCC18\SRC\TRADIT~1\PROC\p18f4550.asm
                    TRISC   0x000f94       data     extern C:\MCC18\SRC\TRADIT~1\PROC\p18f4550.asm
                     DDRD   0x000f95       data     extern C:\MCC18\SRC\TRADIT~1\PROC\p18f4550.asm
                 DDRDbits   0x000f95       data     extern C:\MCC18\SRC\TRADIT~1\PROC\p18f4550.asm
                    TRISD   0x000f95       data     extern C:\MCC18\SRC\TRADIT~1\PROC\p18f4550.asm
                TRISDbits   0x000f95       data     extern C:\MCC18\SRC\TRADIT~1\PROC\p18f4550.asm
                     DDRE   0x000f96       data     extern C:\MCC18\SRC\TRADIT~1\PROC\p18f4550.asm
                 DDREbits   0x000f96       data     extern C:\MCC18\SRC\TRADIT~1\PROC\p18f4550.asm
                TRISEbits   0x000f96       data     extern C:\MCC18\SRC\TRADIT~1\PROC\p18f4550.asm
                    TRISE   0x000f96       data     extern C:\MCC18\SRC\TRADIT~1\PROC\p18f4550.asm
                  OSCTUNE   0x000f9b       data     extern C:\MCC18\SRC\TRADIT~1\PROC\p18f4550.asm
              OSCTUNEbits   0x000f9b       data     extern C:\MCC18\SRC\TRADIT~1\PROC\p18f4550.asm
                     PIE1   0x000f9d       data     extern C:\MCC18\SRC\TRADIT~1\PROC\p18f4550.asm
                 PIE1bits   0x000f9d       data     extern C:\MCC18\SRC\TRADIT~1\PROC\p18f4550.asm
                 PIR1bits   0x000f9e       data     extern C:\MCC18\SRC\TRADIT~1\PROC\p18f4550.asm
                     PIR1   0x000f9e       data     extern C:\MCC18\SRC\TRADIT~1\PROC\p18f4550.asm
                 IPR1bits   0x000f9f       data     extern C:\MCC18\SRC\TRADIT~1\PROC\p18f4550.asm
                     IPR1   0x000f9f       data     extern C:\MCC18\SRC\TRADIT~1\PROC\p18f4550.asm
                 PIE2bits   0x000fa0       data     extern C:\MCC18\SRC\TRADIT~1\PROC\p18f4550.asm
                     PIE2   0x000fa0       data     extern C:\MCC18\SRC\TRADIT~1\PROC\p18f4550.asm
                     PIR2   0x000fa1       data     extern C:\MCC18\SRC\TRADIT~1\PROC\p18f4550.asm
                 PIR2bits   0x000fa1       data     extern C:\MCC18\SRC\TRADIT~1\PROC\p18f4550.asm
                     IPR2   0x000fa2       data     extern C:\MCC18\SRC\TRADIT~1\PROC\p18f4550.asm
                 IPR2bits   0x000fa2       data     extern C:\MCC18\SRC\TRADIT~1\PROC\p18f4550.asm
               EECON1bits   0x000fa6       data     extern C:\MCC18\SRC\TRADIT~1\PROC\p18f4550.asm
                   EECON1   0x000fa6       data     extern C:\MCC18\SRC\TRADIT~1\PROC\p18f4550.asm
                   EECON2   0x000fa7       data     extern C:\MCC18\SRC\TRADIT~1\PROC\p18f4550.asm
                   EEDATA   0x000fa8       data     extern C:\MCC18\SRC\TRADIT~1\PROC\p18f4550.asm
                    EEADR   0x000fa9       data     extern C:\MCC18\SRC\TRADIT~1\PROC\p18f4550.asm
                    RCSTA   0x000fab       data     extern C:\MCC18\SRC\TRADIT~1\PROC\p18f4550.asm
                RCSTAbits   0x000fab       data     extern C:\MCC18\SRC\TRADIT~1\PROC\p18f4550.asm
                    TXSTA   0x000fac       data     extern C:\MCC18\SRC\TRADIT~1\PROC\p18f4550.asm
                TXSTAbits   0x000fac       data     extern C:\MCC18\SRC\TRADIT~1\PROC\p18f4550.asm
                    TXREG   0x000fad       data     extern C:\MCC18\SRC\TRADIT~1\PROC\p18f4550.asm
                    RCREG   0x000fae       data     extern C:\MCC18\SRC\TRADIT~1\PROC\p18f4550.asm
                    SPBRG   0x000faf       data     extern C:\MCC18\SRC\TRADIT~1\PROC\p18f4550.asm
                   SPBRGH   0x000fb0       data     extern C:\MCC18\SRC\TRADIT~1\PROC\p18f4550.asm
                    T3CON   0x000fb1       data     extern C:\MCC18\SRC\TRADIT~1\PROC\p18f4550.asm
                T3CONbits   0x000fb1       data     extern C:\MCC18\SRC\TRADIT~1\PROC\p18f4550.asm
                    TMR3L   0x000fb2       data     extern C:\MCC18\SRC\TRADIT~1\PROC\p18f4550.asm
                    TMR3H   0x000fb3       data     extern C:\MCC18\SRC\TRADIT~1\PROC\p18f4550.asm
                    CMCON   0x000fb4       data     extern C:\MCC18\SRC\TRADIT~1\PROC\p18f4550.asm
                CMCONbits   0x000fb4       data     extern C:\MCC18\SRC\TRADIT~1\PROC\p18f4550.asm
                   CVRCON   0x000fb5       data     extern C:\MCC18\SRC\TRADIT~1\PROC\p18f4550.asm
               CVRCONbits   0x000fb5       data     extern C:\MCC18\SRC\TRADIT~1\PROC\p18f4550.asm
               CCP1ASbits   0x000fb6       data     extern C:\MCC18\SRC\TRADIT~1\PROC\p18f4550.asm
                   CCP1AS   0x000fb6       data     extern C:\MCC18\SRC\TRADIT~1\PROC\p18f4550.asm
                  ECCP1AS   0x000fb6       data     extern C:\MCC18\SRC\TRADIT~1\PROC\p18f4550.asm
              ECCP1ASbits   0x000fb6       data     extern C:\MCC18\SRC\TRADIT~1\PROC\p18f4550.asm
             ECCP1DELbits   0x000fb7       data     extern C:\MCC18\SRC\TRADIT~1\PROC\p18f4550.asm
                 ECCP1DEL   0x000fb7       data     extern C:\MCC18\SRC\TRADIT~1\PROC\p18f4550.asm
                  CCP1DEL   0x000fb7       data     extern C:\MCC18\SRC\TRADIT~1\PROC\p18f4550.asm
              CCP1DELbits   0x000fb7       data     extern C:\MCC18\SRC\TRADIT~1\PROC\p18f4550.asm
                  BAUDCON   0x000fb8       data     extern C:\MCC18\SRC\TRADIT~1\PROC\p18f4550.asm
              BAUDCONbits   0x000fb8       data     extern C:\MCC18\SRC\TRADIT~1\PROC\p18f4550.asm
              CCP2CONbits   0x000fba       data     extern C:\MCC18\SRC\TRADIT~1\PROC\p18f4550.asm
                  CCP2CON   0x000fba       data     extern C:\MCC18\SRC\TRADIT~1\PROC\p18f4550.asm
                   CCPR2L   0x000fbb       data     extern C:\MCC18\SRC\TRADIT~1\PROC\p18f4550.asm
                    CCPR2   0x000fbb       data     extern C:\MCC18\SRC\TRADIT~1\PROC\p18f4550.asm
                   CCPR2H   0x000fbc       data     extern C:\MCC18\SRC\TRADIT~1\PROC\p18f4550.asm
             ECCP1CONbits   0x000fbd       data     extern C:\MCC18\SRC\TRADIT~1\PROC\p18f4550.asm
                 ECCP1CON   0x000fbd       data     extern C:\MCC18\SRC\TRADIT~1\PROC\p18f4550.asm
                  CCP1CON   0x000fbd       data     extern C:\MCC18\SRC\TRADIT~1\PROC\p18f4550.asm
              CCP1CONbits   0x000fbd       data     extern C:\MCC18\SRC\TRADIT~1\PROC\p18f4550.asm
                    CCPR1   0x000fbe       data     extern C:\MCC18\SRC\TRADIT~1\PROC\p18f4550.asm
                   CCPR1L   0x000fbe       data     extern C:\MCC18\SRC\TRADIT~1\PROC\p18f4550.asm
                   CCPR1H   0x000fbf       data     extern C:\MCC18\SRC\TRADIT~1\PROC\p18f4550.asm
                   ADCON2   0x000fc0       data     extern C:\MCC18\SRC\TRADIT~1\PROC\p18f4550.asm
               ADCON2bits   0x000fc0       data     extern C:\MCC18\SRC\TRADIT~1\PROC\p18f4550.asm
                   ADCON1   0x000fc1       data     extern C:\MCC18\SRC\TRADIT~1\PROC\p18f4550.asm
               ADCON1bits   0x000fc1       data     extern C:\MCC18\SRC\TRADIT~1\PROC\p18f4550.asm
                   ADCON0   0x000fc2       data     extern C:\MCC18\SRC\TRADIT~1\PROC\p18f4550.asm
               ADCON0bits   0x000fc2       data     extern C:\MCC18\SRC\TRADIT~1\PROC\p18f4550.asm
                    ADRES   0x000fc3       data     extern C:\MCC18\SRC\TRADIT~1\PROC\p18f4550.asm
                   ADRESL   0x000fc3       data     extern C:\MCC18\SRC\TRADIT~1\PROC\p18f4550.asm
                   ADRESH   0x000fc4       data     extern C:\MCC18\SRC\TRADIT~1\PROC\p18f4550.asm
                  SSPCON2   0x000fc5       data     extern C:\MCC18\SRC\TRADIT~1\PROC\p18f4550.asm
              SSPCON2bits   0x000fc5       data     extern C:\MCC18\SRC\TRADIT~1\PROC\p18f4550.asm
                  SSPCON1   0x000fc6       data     extern C:\MCC18\SRC\TRADIT~1\PROC\p18f4550.asm
              SSPCON1bits   0x000fc6       data     extern C:\MCC18\SRC\TRADIT~1\PROC\p18f4550.asm
                  SSPSTAT   0x000fc7       data     extern C:\MCC18\SRC\TRADIT~1\PROC\p18f4550.asm
              SSPSTATbits   0x000fc7       data     extern C:\MCC18\SRC\TRADIT~1\PROC\p18f4550.asm
                   SSPADD   0x000fc8       data     extern C:\MCC18\SRC\TRADIT~1\PROC\p18f4550.asm
                   SSPBUF   0x000fc9       data     extern C:\MCC18\SRC\TRADIT~1\PROC\p18f4550.asm
                T2CONbits   0x000fca       data     extern C:\MCC18\SRC\TRADIT~1\PROC\p18f4550.asm
                    T2CON   0x000fca       data     extern C:\MCC18\SRC\TRADIT~1\PROC\p18f4550.asm
                      PR2   0x000fcb       data     extern C:\MCC18\SRC\TRADIT~1\PROC\p18f4550.asm
                     TMR2   0x000fcc       data     extern C:\MCC18\SRC\TRADIT~1\PROC\p18f4550.asm
                T1CONbits   0x000fcd       data     extern C:\MCC18\SRC\TRADIT~1\PROC\p18f4550.asm
                    T1CON   0x000fcd       data     extern C:\MCC18\SRC\TRADIT~1\PROC\p18f4550.asm
                    TMR1L   0x000fce       data     extern C:\MCC18\SRC\TRADIT~1\PROC\p18f4550.asm
                    TMR1H   0x000fcf       data     extern C:\MCC18\SRC\TRADIT~1\PROC\p18f4550.asm
                     RCON   0x000fd0       data     extern C:\MCC18\SRC\TRADIT~1\PROC\p18f4550.asm
                 RCONbits   0x000fd0       data     extern C:\MCC18\SRC\TRADIT~1\PROC\p18f4550.asm
               WDTCONbits   0x000fd1       data     extern C:\MCC18\SRC\TRADIT~1\PROC\p18f4550.asm
                   WDTCON   0x000fd1       data     extern C:\MCC18\SRC\TRADIT~1\PROC\p18f4550.asm
               LVDCONbits   0x000fd2       data     extern C:\MCC18\SRC\TRADIT~1\PROC\p18f4550.asm
                   LVDCON   0x000fd2       data     extern C:\MCC18\SRC\TRADIT~1\PROC\p18f4550.asm
              HLVDCONbits   0x000fd2       data     extern C:\MCC18\SRC\TRADIT~1\PROC\p18f4550.asm
                  HLVDCON   0x000fd2       data     extern C:\MCC18\SRC\TRADIT~1\PROC\p18f4550.asm
               OSCCONbits   0x000fd3       data     extern C:\MCC18\SRC\TRADIT~1\PROC\p18f4550.asm
                   OSCCON   0x000fd3       data     extern C:\MCC18\SRC\TRADIT~1\PROC\p18f4550.asm
                T0CONbits   0x000fd5       data     extern C:\MCC18\SRC\TRADIT~1\PROC\p18f4550.asm
                    T0CON   0x000fd5       data     extern C:\MCC18\SRC\TRADIT~1\PROC\p18f4550.asm
                    TMR0L   0x000fd6       data     extern C:\MCC18\SRC\TRADIT~1\PROC\p18f4550.asm
                    TMR0H   0x000fd7       data     extern C:\MCC18\SRC\TRADIT~1\PROC\p18f4550.asm
               STATUSbits   0x000fd8       data     extern C:\MCC18\SRC\TRADIT~1\PROC\p18f4550.asm
                   STATUS   0x000fd8       data     extern C:\MCC18\SRC\TRADIT~1\PROC\p18f4550.asm
                    FSR2L   0x000fd9       data     extern C:\MCC18\SRC\TRADIT~1\PROC\p18f4550.asm
                     FSR2   0x000fd9       data     extern C:\MCC18\SRC\TRADIT~1\PROC\p18f4550.asm
                    FSR2H   0x000fda       data     extern C:\MCC18\SRC\TRADIT~1\PROC\p18f4550.asm
                   PLUSW2   0x000fdb       data     extern C:\MCC18\SRC\TRADIT~1\PROC\p18f4550.asm
                  PREINC2   0x000fdc       data     extern C:\MCC18\SRC\TRADIT~1\PROC\p18f4550.asm
                 POSTDEC2   0x000fdd       data     extern C:\MCC18\SRC\TRADIT~1\PROC\p18f4550.asm
                 POSTINC2   0x000fde       data     extern C:\MCC18\SRC\TRADIT~1\PROC\p18f4550.asm
                    INDF2   0x000fdf       data     extern C:\MCC18\SRC\TRADIT~1\PROC\p18f4550.asm
                      BSR   0x000fe0       data     extern C:\MCC18\SRC\TRADIT~1\PROC\p18f4550.asm
                    FSR1L   0x000fe1       data     extern C:\MCC18\SRC\TRADIT~1\PROC\p18f4550.asm
                     FSR1   0x000fe1       data     extern C:\MCC18\SRC\TRADIT~1\PROC\p18f4550.asm
                    FSR1H   0x000fe2       data     extern C:\MCC18\SRC\TRADIT~1\PROC\p18f4550.asm
                   PLUSW1   0x000fe3       data     extern C:\MCC18\SRC\TRADIT~1\PROC\p18f4550.asm
                  PREINC1   0x000fe4       data     extern C:\MCC18\SRC\TRADIT~1\PROC\p18f4550.asm
                 POSTDEC1   0x000fe5       data     extern C:\MCC18\SRC\TRADIT~1\PROC\p18f4550.asm
                 POSTINC1   0x000fe6       data     extern C:\MCC18\SRC\TRADIT~1\PROC\p18f4550.asm
                    INDF1   0x000fe7       data     extern C:\MCC18\SRC\TRADIT~1\PROC\p18f4550.asm
                     WREG   0x000fe8       data     extern C:\MCC18\SRC\TRADIT~1\PROC\p18f4550.asm
                     FSR0   0x000fe9       data     extern C:\MCC18\SRC\TRADIT~1\PROC\p18f4550.asm
                    FSR0L   0x000fe9       data     extern C:\MCC18\SRC\TRADIT~1\PROC\p18f4550.asm
                    FSR0H   0x000fea       data     extern C:\MCC18\SRC\TRADIT~1\PROC\p18f4550.asm
                   PLUSW0   0x000feb       data     extern C:\MCC18\SRC\TRADIT~1\PROC\p18f4550.asm
                  PREINC0   0x000fec       data     extern C:\MCC18\SRC\TRADIT~1\PROC\p18f4550.asm
                 POSTDEC0   0x000fed       data     extern C:\MCC18\SRC\TRADIT~1\PROC\p18f4550.asm
                 POSTINC0   0x000fee       data     extern C:\MCC18\SRC\TRADIT~1\PROC\p18f4550.asm
                    INDF0   0x000fef       data     extern C:\MCC18\SRC\TRADIT~1\PROC\p18f4550.asm
              INTCON3bits   0x000ff0       data     extern C:\MCC18\SRC\TRADIT~1\PROC\p18f4550.asm
                  INTCON3   0x000ff0       data     extern C:\MCC18\SRC\TRADIT~1\PROC\p18f4550.asm
              INTCON2bits   0x000ff1       data     extern C:\MCC18\SRC\TRADIT~1\PROC\p18f4550.asm
                  INTCON2   0x000ff1       data     extern C:\MCC18\SRC\TRADIT~1\PROC\p18f4550.asm
               INTCONbits   0x000ff2       data     extern C:\MCC18\SRC\TRADIT~1\PROC\p18f4550.asm
                   INTCON   0x000ff2       data     extern C:\MCC18\SRC\TRADIT~1\PROC\p18f4550.asm
                     PROD   0x000ff3       data     extern C:\MCC18\SRC\TRADIT~1\PROC\p18f4550.asm
                    PRODL   0x000ff3       data     extern C:\MCC18\SRC\TRADIT~1\PROC\p18f4550.asm
                    PRODH   0x000ff4       data     extern C:\MCC18\SRC\TRADIT~1\PROC\p18f4550.asm
                   TABLAT   0x000ff5       data     extern C:\MCC18\SRC\TRADIT~1\PROC\p18f4550.asm
                   TBLPTR   0x000ff6       data     extern C:\MCC18\SRC\TRADIT~1\PROC\p18f4550.asm
                  TBLPTRL   0x000ff6       data     extern C:\MCC18\SRC\TRADIT~1\PROC\p18f4550.asm
                  TBLPTRH   0x000ff7       data     extern C:\MCC18\SRC\TRADIT~1\PROC\p18f4550.asm
                  TBLPTRU   0x000ff8       data     extern C:\MCC18\SRC\TRADIT~1\PROC\p18f4550.asm
                      PCL   0x000ff9       data     extern C:\MCC18\SRC\TRADIT~1\PROC\p18f4550.asm
                       PC   0x000ff9       data     extern C:\MCC18\SRC\TRADIT~1\PROC\p18f4550.asm
                   PCLATH   0x000ffa       data     extern C:\MCC18\SRC\TRADIT~1\PROC\p18f4550.asm
                   PCLATU   0x000ffb       data     extern C:\MCC18\SRC\TRADIT~1\PROC\p18f4550.asm
                   STKPTR   0x000ffc       data     extern C:\MCC18\SRC\TRADIT~1\PROC\p18f4550.asm
               STKPTRbits   0x000ffc       data     extern C:\MCC18\SRC\TRADIT~1\PROC\p18f4550.asm
                      TOS   0x000ffd       data     extern C:\MCC18\SRC\TRADIT~1\PROC\p18f4550.asm
                     TOSL   0x000ffd       data     extern C:\MCC18\SRC\TRADIT~1\PROC\p18f4550.asm
                     TOSH   0x000ffe       data     extern C:\MCC18\SRC\TRADIT~1\PROC\p18f4550.asm
                     TOSU   0x000fff       data     extern C:\MCC18\SRC\TRADIT~1\PROC\p18f4550.asm


